Archive member included to satisfy reference by file (symbol)

/media/ram/363029d1-6365-487a-b2e3-bd8d034c2ea4/fastcv/hexagondsp/Hexagon_SDK/3.5.2/tools/linaro/bin/../arm-linux-gnueabihf/libc/usr/lib/libc_nonshared.a(elf-init.oS)
                              /media/ram/363029d1-6365-487a-b2e3-bd8d034c2ea4/fastcv/hexagondsp/Hexagon_SDK/3.5.2/tools/linaro/bin/../arm-linux-gnueabihf/libc/usr/lib/crt1.o (__libc_csu_init)
lib/libfastcv.a(libfastcv_la-fastcvManager.o)
                              UbuntuARM_Release/ImageEnhance.o (fcvBoxFilterNxNf32)
lib/libfastcv.a(libfastcv_la-fastcvMemAndroid.o)
                              UbuntuARM_Release/ImageEnhance.o (fcvMemAlloc)
lib/libfastcv.a(libfastcv_la-fastcvMem.o)
                              UbuntuARM_Release/ImageEnhance.o (fcvMemInit)
lib/libfastcv.a(libfastcv_la-fastcv.o)
                              lib/libfastcv.a(libfastcv_la-fastcvManager.o) (libLogPrint)
lib/libfastcv.a(libfastcv_la-fastcvHeapStats.o)
                              lib/libfastcv.a(libfastcv_la-fastcvMemAndroid.o) (fcvHeapStatsMalloc(void*, unsigned int))
lib/libfastcv.a(libfastcv_la-fastcvHelper.o)
                              lib/libfastcv.a(libfastcv_la-fastcv.o) (uCHelper())
lib/libfastcv.a(libfastcv_la-fastcvHW.o)
                              lib/libfastcv.a(libfastcv_la-fastcv.o) (fcvSetHWFlag(unsigned int))
lib/libfastcv.a(libfastcv_la-fastcvAbsDiffC.o)
                              lib/libfastcv.a(libfastcv_la-fastcv.o) (fcvAbsDiffu8C)
lib/libfastcv.a(libfastcv_la-fastcvAdaptiveThresholdC.o)
                              lib/libfastcv.a(libfastcv_la-fastcvHelper.o) (adaptiveThresholdC)
lib/libfastcv.a(libfastcv_la-fastcvAffineC.o)
                              lib/libfastcv.a(libfastcv_la-fastcv.o) (fcvGeomAffineFitf32C)
lib/libfastcv.a(libfastcv_la-fastcvArithmC.o)
                              lib/libfastcv.a(libfastcv_la-fastcv.o) (fcvTransposeu8C)
lib/libfastcv.a(libfastcv_la-fastcvAverageC.o)
                              lib/libfastcv.a(libfastcv_la-fastcv.o) (fcvAverages32C)
lib/libfastcv.a(libfastcv_la-fastcvBGCodeBookC.o)
                              lib/libfastcv.a(libfastcv_la-fastcv.o) (fcvCreateBGCodeBookModelC)
lib/libfastcv.a(libfastcv_la-fastcvBitCntC.o)
                              lib/libfastcv.a(libfastcv_la-fastcv.o) (fcvBitCountu8C)
lib/libfastcv.a(libfastcv_la-fastcvBitwiseOpC.o)
                              lib/libfastcv.a(libfastcv_la-fastcv.o) (fcvBitwiseOru8C)
lib/libfastcv.a(libfastcv_la-fastcvCalib3DC.o)
                              lib/libfastcv.a(libfastcv_la-fastcv.o) (fcvUndistortDisparityConvertDepthf32C)
lib/libfastcv.a(libfastcv_la-fastcvCalibrateC.o)
                              lib/libfastcv.a(libfastcv_la-fastcv.o) (fcvGeomDistortPoint2x1f32C)
lib/libfastcv.a(libfastcv_la-fastcvChannelC.o)
                              lib/libfastcv.a(libfastcv_la-fastcv.o) (fcvChannelCombine2Planesu8C)
lib/libfastcv.a(libfastcv_la-fastcvColor2C.o)
                              lib/libfastcv.a(libfastcv_la-fastcv.o) (fcvColorRGB565ToYCbCr444Planaru8C)
lib/libfastcv.a(libfastcv_la-fastcvColorC.o)
                              lib/libfastcv.a(libfastcv_la-fastcv.o) (fcvColorYCrCb420PseudoPlanarToRGB8888u8C)
lib/libfastcv.a(libfastcv_la-fastcvColorPpfYuvUtilsC.o)
                              lib/libfastcv.a(libfastcv_la-fastcvHelper.o) (ifcv_yuv_deinterleave_cbcrC)
lib/libfastcv.a(libfastcv_la-fastcvColorRgb2LabC.o)
                              lib/libfastcv.a(libfastcv_la-fastcvHelper.o) (rgb2labC)
lib/libfastcv.a(libfastcv_la-fastcvColorRgb2YuvC.o)
                              lib/libfastcv.a(libfastcv_la-fastcvHelper.o) (rgb5652yuvpC)
lib/libfastcv.a(libfastcv_la-fastcvColorRgbConversionC.o)
                              lib/libfastcv.a(libfastcv_la-fastcvHelper.o) (rgb565_to_rgb888C)
lib/libfastcv.a(libfastcv_la-fastcvColorYuvConversionC.o)
                              lib/libfastcv.a(libfastcv_la-fastcvHelper.o) (downsample_horizontalC)
lib/libfastcv.a(libfastcv_la-fastcvContourC.o)
                              lib/libfastcv.a(libfastcv_la-fastcvHelper.o) (fcvPreProcessu8C)
lib/libfastcv.a(libfastcv_la-fastcvCopyC.o)
                              lib/libfastcv.a(libfastcv_la-fastcv.o) (fcvCopyC)
lib/libfastcv.a(libfastcv_la-fastcvCornerSubPixelC.o)
                              lib/libfastcv.a(libfastcv_la-fastcv.o) (fcvCornerRefineSubPixu8C)
lib/libfastcv.a(libfastcv_la-fastcvDepthFusionC.o)
                              lib/libfastcv.a(libfastcv_la-fastcv.o) (fcvDepthFusion8x8x8xNs16C)
lib/libfastcv.a(libfastcv_la-fastcvDescriptor2C.o)
                              lib/libfastcv.a(libfastcv_la-fastcv.o) (fcvDescriptorSampledMeanAndVar36f32C)
lib/libfastcv.a(libfastcv_la-fastcvDescriptorC.o)
                              lib/libfastcv.a(libfastcv_la-fastcv.o) (fcvDescriptor17x17u8To36s8C)
lib/libfastcv.a(libfastcv_la-fastcvEucldeanC.o)
                              lib/libfastcv.a(libfastcv_la-fastcv.o) (fcvClusterEuclideanf32C)
[...]
Memory Configuration

Name             Origin             Length             Attributes
*default*        0x0000000000000000 0xffffffffffffffff

Linker script and memory map

LOAD /media/ram/363029d1-6365-487a-b2e3-bd8d034c2ea4/fastcv/hexagondsp/Hexagon_SDK/3.5.2/tools/linaro/bin/../arm-linux-gnueabihf/libc/usr/lib/crt1.o
LOAD /media/ram/363029d1-6365-487a-b2e3-bd8d034c2ea4/fastcv/hexagondsp/Hexagon_SDK/3.5.2/tools/linaro/bin/../arm-linux-gnueabihf/libc/usr/lib/crti.o
LOAD /media/ram/363029d1-6365-487a-b2e3-bd8d034c2ea4/fastcv/hexagondsp/Hexagon_SDK/3.5.2/tools/linaro/bin/../lib/gcc/arm-linux-gnueabihf/8.2.1/crtbegin.o
LOAD /media/ram/363029d1-6365-487a-b2e3-bd8d034c2ea4/fastcv/hexagondsp/Hexagon_SDK/3.5.2/tools/linaro/bin/../arm-linux-gnueabihf/libc/usr/lib/libpthread.so
LOAD /media/ram/363029d1-6365-487a-b2e3-bd8d034c2ea4/fastcv/hexagondsp/Hexagon_SDK/3.5.2/tools/linaro/bin/../arm-linux-gnueabihf/libc/usr/lib/libc.so
START GROUP
LOAD /media/ram/363029d1-6365-487a-b2e3-bd8d034c2ea4/fastcv/hexagondsp/Hexagon_SDK/3.5.2/tools/linaro/bin/../arm-linux-gnueabihf/libc/lib/libc.so.6
LOAD /media/ram/363029d1-6365-487a-b2e3-bd8d034c2ea4/fastcv/hexagondsp/Hexagon_SDK/3.5.2/tools/linaro/bin/../arm-linux-gnueabihf/libc/usr/lib/libc_nonshared.a
LOAD /media/ram/363029d1-6365-487a-b2e3-bd8d034c2ea4/fastcv/hexagondsp/Hexagon_SDK/3.5.2/tools/linaro/bin/../arm-linux-gnueabihf/libc/lib/ld-linux-armhf.so.3
END GROUP
LOAD /media/ram/363029d1-6365-487a-b2e3-bd8d034c2ea4/fastcv/hexagondsp/Hexagon_SDK/3.5.2/tools/linaro/bin/../arm-linux-gnueabihf/libc/usr/lib/libdl.so
LOAD /media/ram/363029d1-6365-487a-b2e3-bd8d034c2ea4/fastcv/hexagondsp/Hexagon_SDK/3.5.2/tools/linaro/bin/../lib/gcc/arm-linux-gnueabihf/8.2.1/../../../../arm-linux-gnueabihf/lib/libstdc++.so
START GROUP
LOAD UbuntuARM_Release/ImageEnhance.o
LOAD lib/libfastcv.a
LOAD lib/libopencv_videoio.so.3.4.3
LOAD lib/libopencv_objdetect.so.3.4.3
LOAD lib/libopencv_highgui.so.3.4.3
LOAD lib/libopencv_core.so.3.4.3
LOAD lib/libopencv_imgproc.so.3.4.3
LOAD lib/libopencv_imgcodecs.so.3.4.3
END GROUP
LOAD /media/ram/363029d1-6365-487a-b2e3-bd8d034c2ea4/fastcv/hexagondsp/Hexagon_SDK/3.5.2/tools/linaro/bin/../arm-linux-gnueabihf/libc/usr/lib/libm.so
LOAD /media/ram/363029d1-6365-487a-b2e3-bd8d034c2ea4/fastcv/hexagondsp/Hexagon_SDK/3.5.2/tools/linaro/bin/../arm-linux-gnueabihf/libc/usr/lib/libc.so
START GROUP
LOAD /media/ram/363029d1-6365-487a-b2e3-bd8d034c2ea4/fastcv/hexagondsp/Hexagon_SDK/3.5.2/tools/linaro/bin/../arm-linux-gnueabihf/libc/lib/libc.so.6
LOAD /media/ram/363029d1-6365-487a-b2e3-bd8d034c2ea4/fastcv/hexagondsp/Hexagon_SDK/3.5.2/tools/linaro/bin/../arm-linux-gnueabihf/libc/usr/lib/libc_nonshared.a
LOAD /media/ram/363029d1-6365-487a-b2e3-bd8d034c2ea4/fastcv/hexagondsp/Hexagon_SDK/3.5.2/tools/linaro/bin/../arm-linux-gnueabihf/libc/lib/ld-linux-armhf.so.3
END GROUP
LOAD /media/ram/363029d1-6365-487a-b2e3-bd8d034c2ea4/fastcv/hexagondsp/Hexagon_SDK/3.5.2/tools/linaro/bin/../lib/gcc/arm-linux-gnueabihf/8.2.1/../../../../arm-linux-gnueabihf/lib/libsupc++.a
LOAD /media/ram/363029d1-6365-487a-b2e3-bd8d034c2ea4/fastcv/hexagondsp/Hexagon_SDK/3.5.2/tools/linaro/bin/../lib/gcc/arm-linux-gnueabihf/8.2.1/libgcc_eh.a
LOAD /media/ram/363029d1-6365-487a-b2e3-bd8d034c2ea4/fastcv/hexagondsp/Hexagon_SDK/3.5.2/tools/linaro/bin/../lib/gcc/arm-linux-gnueabihf/8.2.1/libgcc.a
LOAD /media/ram/363029d1-6365-487a-b2e3-bd8d034c2ea4/fastcv/hexagondsp/Hexagon_SDK/3.5.2/tools/linaro/bin/../lib/gcc/arm-linux-gnueabihf/8.2.1/libgcc.a
LOAD /media/ram/363029d1-6365-487a-b2e3-bd8d034c2ea4/fastcv/hexagondsp/Hexagon_SDK/3.5.2/tools/linaro/bin/../lib/gcc/arm-linux-gnueabihf/8.2.1/../../../../arm-linux-gnueabihf/lib/libgcc_s.so
START GROUP
LOAD /media/ram/363029d1-6365-487a-b2e3-bd8d034c2ea4/fastcv/hexagondsp/Hexagon_SDK/3.5.2/tools/linaro/bin/../lib/gcc/arm-linux-gnueabihf/8.2.1/../../../../arm-linux-gnueabihf/lib/libgcc_s.so.1
LOAD /media/ram/363029d1-6365-487a-b2e3-bd8d034c2ea4/fastcv/hexagondsp/Hexagon_SDK/3.5.2/tools/linaro/bin/../lib/gcc/arm-linux-gnueabihf/8.2.1/libgcc.a
END GROUP
LOAD /media/ram/363029d1-6365-487a-b2e3-bd8d034c2ea4/fastcv/hexagondsp/Hexagon_SDK/3.5.2/tools/linaro/bin/../arm-linux-gnueabihf/libc/usr/lib/libc.so
START GROUP
LOAD /media/ram/363029d1-6365-487a-b2e3-bd8d034c2ea4/fastcv/hexagondsp/Hexagon_SDK/3.5.2/tools/linaro/bin/../arm-linux-gnueabihf/libc/lib/libc.so.6
LOAD /media/ram/363029d1-6365-487a-b2e3-bd8d034c2ea4/fastcv/hexagondsp/Hexagon_SDK/3.5.2/tools/linaro/bin/../arm-linux-gnueabihf/libc/usr/lib/libc_nonshared.a
LOAD /media/ram/363029d1-6365-487a-b2e3-bd8d034c2ea4/fastcv/hexagondsp/Hexagon_SDK/3.5.2/tools/linaro/bin/../arm-linux-gnueabihf/libc/lib/ld-linux-armhf.so.3
END GROUP
LOAD /media/ram/363029d1-6365-487a-b2e3-bd8d034c2ea4/fastcv/hexagondsp/Hexagon_SDK/3.5.2/tools/linaro/bin/../lib/gcc/arm-linux-gnueabihf/8.2.1/libgcc.a
LOAD /media/ram/363029d1-6365-487a-b2e3-bd8d034c2ea4/fastcv/hexagondsp/Hexagon_SDK/3.5.2/tools/linaro/bin/../lib/gcc/arm-linux-gnueabihf/8.2.1/../../../../arm-linux-gnueabihf/lib/libgcc_s.so
START GROUP
LOAD /media/ram/363029d1-6365-487a-b2e3-bd8d034c2ea4/fastcv/hexagondsp/Hexagon_SDK/3.5.2/tools/linaro/bin/../lib/gcc/arm-linux-gnueabihf/8.2.1/../../../../arm-linux-gnueabihf/lib/libgcc_s.so.1
LOAD /media/ram/363029d1-6365-487a-b2e3-bd8d034c2ea4/fastcv/hexagondsp/Hexagon_SDK/3.5.2/tools/linaro/bin/../lib/gcc/arm-linux-gnueabihf/8.2.1/libgcc.a
END GROUP
LOAD /media/ram/363029d1-6365-487a-b2e3-bd8d034c2ea4/fastcv/hexagondsp/Hexagon_SDK/3.5.2/tools/linaro/bin/../lib/gcc/arm-linux-gnueabihf/8.2.1/crtend.o
LOAD /media/ram/363029d1-6365-487a-b2e3-bd8d034c2ea4/fastcv/hexagondsp/Hexagon_SDK/3.5.2/tools/linaro/bin/../arm-linux-gnueabihf/libc/usr/lib/crtn.o
                [!provide]                        PROVIDE (__executable_start = SEGMENT_START ("text-segment", 0x10000))
                0x0000000000010154                . = (SEGMENT_START ("text-segment", 0x10000) + SIZEOF_HEADERS)

.interp         0x0000000000010154       0x19
 *(.interp)
 .interp        0x0000000000010154       0x19 /media/ram/363029d1-6365-487a-b2e3-bd8d034c2ea4/fastcv/hexagondsp/Hexagon_SDK/3.5.2/tools/linaro/bin/../arm-linux-gnueabihf/libc/usr/lib/crt1.o

.note.ABI-tag   0x0000000000010170       0x20
 .note.ABI-tag  0x0000000000010170       0x20 /media/ram/363029d1-6365-487a-b2e3-bd8d034c2ea4/fastcv/hexagondsp/Hexagon_SDK/3.5.2/tools/linaro/bin/../arm-linux-gnueabihf/libc/usr/lib/crt1.o

.note.gnu.build-id
 *(.note.gnu.build-id)

.hash           0x0000000000010190      0x37c
 *(.hash)
 .hash          0x0000000000010190      0x37c /media/ram/363029d1-6365-487a-b2e3-bd8d034c2ea4/fastcv/hexagondsp/Hexagon_SDK/3.5.2/tools/linaro/bin/../arm-linux-gnueabihf/libc/usr/lib/crt1.o

.gnu.hash       0x000000000001050c      0x3c4
 *(.gnu.hash)
 .gnu.hash      0x000000000001050c      0x3c4 /media/ram/363029d1-6365-487a-b2e3-bd8d034c2ea4/fastcv/hexagondsp/Hexagon_SDK/3.5.2/tools/linaro/bin/../arm-linux-gnueabihf/libc/usr/lib/crt1.o

.dynsym         0x00000000000108d0      0x7c0
 *(.dynsym)
 .dynsym        0x00000000000108d0      0x7c0 /media/ram/363029d1-6365-487a-b2e3-bd8d034c2ea4/fastcv/hexagondsp/Hexagon_SDK/3.5.2/tools/linaro/bin/../arm-linux-gnueabihf/libc/usr/lib/crt1.o

.dynstr         0x0000000000011090      0x91c
 *(.dynstr)
 .dynstr        0x0000000000011090      0x91c /media/ram/363029d1-6365-487a-b2e3-bd8d034c2ea4/fastcv/hexagondsp/Hexagon_SDK/3.5.2/tools/linaro/bin/../arm-linux-gnueabihf/libc/usr/lib/crt1.o

.gnu.version    0x00000000000119ac       0xf8
 *(.gnu.version)
 .gnu.version   0x00000000000119ac       0xf8 /media/ram/363029d1-6365-487a-b2e3-bd8d034c2ea4/fastcv/hexagondsp/Hexagon_SDK/3.5.2/tools/linaro/bin/../arm-linux-gnueabihf/libc/usr/lib/crt1.o

.gnu.version_d  0x0000000000011aa4        0x0
 *(.gnu.version_d)
 .gnu.version_d
                0x0000000000011aa4        0x0 /media/ram/363029d1-6365-487a-b2e3-bd8d034c2ea4/fastcv/hexagondsp/Hexagon_SDK/3.5.2/tools/linaro/bin/../arm-linux-gnueabihf/libc/usr/lib/crt1.o

.gnu.version_r  0x0000000000011aa4       0xb0
 *(.gnu.version_r)
 .gnu.version_r
                0x0000000000011aa4       0xb0 /media/ram/363029d1-6365-487a-b2e3-bd8d034c2ea4/fastcv/hexagondsp/Hexagon_SDK/3.5.2/tools/linaro/bin/../arm-linux-gnueabihf/libc/usr/lib/crt1.o

.rel.dyn        0x0000000000011b54       0x88
 *(.rel.init)
 *(.rel.text .rel.text.* .rel.gnu.linkonce.t.*)
 *(.rel.fini)
 *(.rel.rodata .rel.rodata.* .rel.gnu.linkonce.r.*)
 *(.rel.data.rel.ro .rel.data.rel.ro.* .rel.gnu.linkonce.d.rel.ro.*)
 .rel.data.rel.ro
                0x0000000000011b54       0x18 /media/ram/363029d1-6365-487a-b2e3-bd8d034c2ea4/fastcv/hexagondsp/Hexagon_SDK/3.5.2/tools/linaro/bin/../arm-linux-gnueabihf/libc/usr/lib/crt1.o
 *(.rel.data .rel.data.* .rel.gnu.linkonce.d.*)
 *(.rel.tdata .rel.tdata.* .rel.gnu.linkonce.td.*)
 *(.rel.tbss .rel.tbss.* .rel.gnu.linkonce.tb.*)
 *(.rel.ctors)
 *(.rel.dtors)
 *(.rel.got)
 .rel.got       0x0000000000011b6c       0x70 /media/ram/363029d1-6365-487a-b2e3-bd8d034c2ea4/fastcv/hexagondsp/Hexagon_SDK/3.5.2/tools/linaro/bin/../arm-linux-gnueabihf/libc/usr/lib/crt1.o
 *(.rel.bss .rel.bss.* .rel.gnu.linkonce.b.*)
 .rel.bss       0x0000000000011bdc        0x0 /media/ram/363029d1-6365-487a-b2e3-bd8d034c2ea4/fastcv/hexagondsp/Hexagon_SDK/3.5.2/tools/linaro/bin/../arm-linux-gnueabihf/libc/usr/lib/crt1.o
                [!provide]                        PROVIDE (__rel_iplt_start = .)
 *(.rel.iplt)
 .rel.iplt      0x0000000000011bdc        0x0 /media/ram/363029d1-6365-487a-b2e3-bd8d034c2ea4/fastcv/hexagondsp/Hexagon_SDK/3.5.2/tools/linaro/bin/../arm-linux-gnueabihf/libc/usr/lib/crt1.o
                [!provide]                        PROVIDE (__rel_iplt_end = .)

.rela.dyn       0x0000000000011bdc        0x0
 *(.rela.init)
 *(.rela.text .rela.text.* .rela.gnu.linkonce.t.*)
 *(.rela.fini)
 *(.rela.rodata .rela.rodata.* .rela.gnu.linkonce.r.*)
 *(.rela.data .rela.data.* .rela.gnu.linkonce.d.*)
 *(.rela.tdata .rela.tdata.* .rela.gnu.linkonce.td.*)
 *(.rela.tbss .rela.tbss.* .rela.gnu.linkonce.tb.*)
 *(.rela.ctors)
 *(.rela.dtors)
 *(.rela.got)
 *(.rela.bss .rela.bss.* .rela.gnu.linkonce.b.*)
                [!provide]                        PROVIDE (__rela_iplt_start = .)
 *(.rela.iplt)
                [!provide]                        PROVIDE (__rela_iplt_end = .)

.rel.plt        0x0000000000011bdc      0x2d8
 *(.rel.plt)
 .rel.plt       0x0000000000011bdc      0x2d8 /media/ram/363029d1-6365-487a-b2e3-bd8d034c2ea4/fastcv/hexagondsp/Hexagon_SDK/3.5.2/tools/linaro/bin/../arm-linux-gnueabihf/libc/usr/lib/crt1.o

.rela.plt
 *(.rela.plt)

.init           0x0000000000011eb4        0xc
 *(SORT_NONE(.init))
 .init          0x0000000000011eb4        0x8 /media/ram/363029d1-6365-487a-b2e3-bd8d034c2ea4/fastcv/hexagondsp/Hexagon_SDK/3.5.2/tools/linaro/bin/../arm-linux-gnueabihf/libc/usr/lib/crti.o
                0x0000000000011eb4                _init
 .init          0x0000000000011ebc        0x4 /media/ram/363029d1-6365-487a-b2e3-bd8d034c2ea4/fastcv/hexagondsp/Hexagon_SDK/3.5.2/tools/linaro/bin/../arm-linux-gnueabihf/libc/usr/lib/crtn.o

.plt            0x0000000000011ec0      0x470
 *(.plt)
 .plt           0x0000000000011ec0      0x470 /media/ram/363029d1-6365-487a-b2e3-bd8d034c2ea4/fastcv/hexagondsp/Hexagon_SDK/3.5.2/tools/linaro/bin/../arm-linux-gnueabihf/libc/usr/lib/crt1.o
                0x0000000000011ed4                pthread_mutex_lock@@GLIBC_2.4
                0x0000000000011ee0                pthread_mutex_init@@GLIBC_2.4
                0x0000000000011eec                cv::fastFree(void*)
                0x0000000000011ef8                dlerror@@GLIBC_2.4
                0x0000000000011f04                cv::VideoCapture::VideoCapture()
                0x0000000000011f10                strtol@@GLIBC_2.4
                0x0000000000011f20                free@@GLIBC_2.4
                0x0000000000011f2c                atan2f@@GLIBC_2.4
                0x0000000000011f38                atanf@@GLIBC_2.4
                0x0000000000011f44                tanf@@GLIBC_2.4
                0x0000000000011f50                cv::VideoCapture::release()
                0x0000000000011f5c                strncmp@@GLIBC_2.4
                0x0000000000011f68                __cxa_rethrow
                0x0000000000011f74                __gxx_personality_v0
                0x0000000000011f80                pthread_join@@GLIBC_2.4
                0x0000000000011f8c                ceilf@@GLIBC_2.4
                0x0000000000011f98                std::ios_base::Init::Init()
                0x0000000000011fa4                exit@@GLIBC_2.4
                0x0000000000011fb0                printf@@GLIBC_2.4
                0x0000000000011fbc                cosf@@GLIBC_2.4
                0x0000000000011fc8                dlclose@@GLIBC_2.4
                0x0000000000011fd4                puts@@GLIBC_2.4
                0x0000000000011fe0                cv::VideoCapture::~VideoCapture()
                0x0000000000011fec                cv::split(cv::Mat const&, cv::Mat*)
                0x0000000000011ff8                operator delete(void*)
                0x0000000000012004                strtoul@@GLIBC_2.4
                0x0000000000012014                putchar@@GLIBC_2.4
                0x0000000000012024                memset@@GLIBC_2.4
                0x0000000000012030                acosf@@GLIBC_2.4
                0x000000000001203c                pthread_mutex_trylock@@GLIBC_2.4
                0x0000000000012048                close@@GLIBC_2.4
                0x0000000000012054                read@@GLIBC_2.4
                0x0000000000012060                abort@@GLIBC_2.4
                0x000000000001206c                cv::Mat::create(int, int const*, int)
                0x0000000000012078                __cxa_type_match
                0x0000000000012084                pthread_once@@GLIBC_2.4
                0x0000000000012090                std::basic_ostream<char, std::char_traits<char> >& std::__ostream_insert<char, std::char_traits<char> >(std::basic_ostream<char, std::char_traits<char> >&, char const*, int)
                0x000000000001209c                __gnu_Unwind_Find_exidx@@GLIBC_2.4
                0x00000000000120a8                cv::String::deallocate()
                0x00000000000120b4                std::istream::get()
                0x00000000000120c0                dlopen@@GLIBC_2.4
                0x00000000000120cc                __assert_fail@@GLIBC_2.4
                0x00000000000120d8                ceil@@GLIBC_2.4
                0x00000000000120e4                open@@GLIBC_2.4
                0x00000000000120f0                sincosf@@GLIBC_2.4
                0x00000000000120fc                cv::VideoCapture::read(cv::_OutputArray const&)
                0x000000000001210c                pthread_mutex_destroy@@GLIBC_2.4
                0x0000000000012118                __stack_chk_fail@@GLIBC_2.4
                0x0000000000012124                std::basic_ostream<char, std::char_traits<char> >& std::endl<char, std::char_traits<char> >(std::basic_ostream<char, std::char_traits<char> >&)
                0x0000000000012130                std::ostream& std::ostream::_M_insert<double>(double)
                0x000000000001213c                strstr@@GLIBC_2.4
                0x0000000000012148                operator new(unsigned int)
                0x0000000000012154                cv::imwrite(cv::String const&, cv::_InputArray const&, std::vector<int, std::allocator<int> > const&)
                0x0000000000012160                raise@@GLIBC_2.4
                0x000000000001216c                __aeabi_atexit@@GLIBC_2.4
                0x0000000000012178                cv::imread(cv::String const&, int)
                0x0000000000012184                __cxa_begin_catch
                0x0000000000012190                sysconf@@GLIBC_2.4
                0x000000000001219c                fwrite@@GLIBC_2.4
                0x00000000000121ac                memcpy@@GLIBC_2.4
                0x00000000000121b8                __cxa_end_catch
                0x00000000000121c4                cv::VideoCapture::open(cv::String const&, int)
                0x00000000000121d0                malloc@@GLIBC_2.4
                0x00000000000121dc                strlen@@GLIBC_2.4
                0x00000000000121e8                powf@@GLIBC_2.27
                0x00000000000121f4                fprintf@@GLIBC_2.4
                0x0000000000012200                floorf@@GLIBC_2.4
                0x000000000001220c                cv::merge(cv::_InputArray const&, cv::_OutputArray const&)
                0x0000000000012218                std::ostream::operator<<(int)
                0x0000000000012224                expf@@GLIBC_2.27
                0x0000000000012230                pthread_create@@GLIBC_2.4
                0x000000000001223c                __cxa_begin_cleanup
                0x0000000000012248                strcmp@@GLIBC_2.4
                0x0000000000012254                __errno_location@@GLIBC_2.4
                0x0000000000012260                memchr@@GLIBC_2.4
                0x000000000001226c                sscanf@@GLIBC_2.4
                0x0000000000012278                memcmp@@GLIBC_2.4
                0x0000000000012284                std::basic_ios<char, std::char_traits<char> >::clear(std::_Ios_Iostate)
                0x0000000000012290                cv::String::allocate(unsigned int)
                0x000000000001229c                memmem@@GLIBC_2.4
                0x00000000000122a8                __cxa_end_cleanup
                0x00000000000122b4                logf@@GLIBC_2.27
                0x00000000000122c0                __libc_start_main@@GLIBC_2.4
                0x00000000000122cc                dlsym@@GLIBC_2.4
                0x00000000000122d8                cv::Mat::copySize(cv::Mat const&)
                0x00000000000122e4                std::ostream& std::ostream::_M_insert<unsigned long>(unsigned long)
                0x00000000000122fc                std::ostream& std::ostream::_M_insert<bool>(bool)
                0x0000000000012308                cv::Mat::deallocate()
                0x0000000000012318                pthread_mutex_unlock@@GLIBC_2.4
                0x0000000000012324                floor@@GLIBC_2.4

.iplt           0x0000000000012330        0x0
 *(.iplt)
 .iplt          0x0000000000012330        0x0 /media/ram/363029d1-6365-487a-b2e3-bd8d034c2ea4/fastcv/hexagondsp/Hexagon_SDK/3.5.2/tools/linaro/bin/../arm-linux-gnueabihf/libc/usr/lib/crt1.o

.text           0x0000000000012340   0x283248
 *(.text.unlikely .text.*_unlikely .text.unlikely.*)
 .text.unlikely
                0x0000000000012340       0x10 /media/ram/363029d1-6365-487a-b2e3-bd8d034c2ea4/fastcv/hexagondsp/Hexagon_SDK/3.5.2/tools/linaro/bin/../lib/gcc/arm-linux-gnueabihf/8.2.1/libgcc_eh.a(pr-support.o)
                0x0000000000012340                _Unwind_GetDataRelBase
                0x0000000000012348                _Unwind_GetTextRelBase
 *(.text.exit .text.exit.*)
 *(.text.startup .text.startup.*)
 .text.startup  0x0000000000012350      0xcb4 UbuntuARM_Release/ImageEnhance.o
                0x000000000001263c                main
 *(.text.hot .text.hot.*)
 *(.text .stub .text.* .gnu.linkonce.t.*)
 .text          0x0000000000013004       0x3c /media/ram/363029d1-6365-487a-b2e3-bd8d034c2ea4/fastcv/hexagondsp/Hexagon_SDK/3.5.2/tools/linaro/bin/../arm-linux-gnueabihf/libc/usr/lib/crt1.o
                0x0000000000013004                _start
 .text          0x0000000000013040       0x24 /media/ram/363029d1-6365-487a-b2e3-bd8d034c2ea4/fastcv/hexagondsp/Hexagon_SDK/3.5.2/tools/linaro/bin/../arm-linux-gnueabihf/libc/usr/lib/crti.o
 .text          0x0000000000013064       0x90 /media/ram/363029d1-6365-487a-b2e3-bd8d034c2ea4/fastcv/hexagondsp/Hexagon_SDK/3.5.2/tools/linaro/bin/../lib/gcc/arm-linux-gnueabihf/8.2.1/crtbegin.o
 .text          0x00000000000130f4       0x68 /media/ram/363029d1-6365-487a-b2e3-bd8d034c2ea4/fastcv/hexagondsp/Hexagon_SDK/3.5.2/tools/linaro/bin/../arm-linux-gnueabihf/libc/usr/lib/libc_nonshared.a(elf-init.oS)
                0x00000000000130f4                __libc_csu_init
                0x0000000000013158                __libc_csu_fini
 .text          0x000000000001315c     0x1dc8 UbuntuARM_Release/ImageEnhance.o
                0x000000000001315c                guidedFilterMono(cv::Mat, float, float, bool)
                0x0000000000013768                bilateralfilterMono(cv::Mat)
                0x00000000000138c0                medianfilterMono(cv::Mat)
                0x0000000000013a14                guidedFilterColor(cv::Mat, float, float)
                0x00000000000147c8                guidedFilter(cv::Mat, float, float, bool)
 .text._ZN7cvflann7anyimpl14big_any_policyINS0_9empty_anyEED2Ev
                0x0000000000014f24        0x4 UbuntuARM_Release/ImageEnhance.o
                0x0000000000014f24                cvflann::anyimpl::big_any_policy<cvflann::anyimpl::empty_any>::~big_any_policy()
                0x0000000000014f24                cvflann::anyimpl::big_any_policy<cvflann::anyimpl::empty_any>::~big_any_policy()
 .text._ZN7cvflann7anyimpl16small_any_policyIPKcED2Ev
                0x0000000000014f28        0x4 UbuntuARM_Release/ImageEnhance.o
                0x0000000000014f28                cvflann::anyimpl::small_any_policy<char const*>::~small_any_policy()
                0x0000000000014f28                cvflann::anyimpl::small_any_policy<char const*>::~small_any_policy()
 .text._ZN7cvflann7anyimpl16small_any_policyIiED2Ev
                0x0000000000014f2c        0x4 UbuntuARM_Release/ImageEnhance.o
                0x0000000000014f2c                cvflann::anyimpl::small_any_policy<int>::~small_any_policy()
                0x0000000000014f2c                cvflann::anyimpl::small_any_policy<int>::~small_any_policy()
 .text._ZN7cvflann7anyimpl16small_any_policyIfED2Ev
                0x0000000000014f30        0x4 UbuntuARM_Release/ImageEnhance.o
                0x0000000000014f30                cvflann::anyimpl::small_any_policy<float>::~small_any_policy()
                0x0000000000014f30                cvflann::anyimpl::small_any_policy<float>::~small_any_policy()
 .text._ZN7cvflann7anyimpl16small_any_policyIbED2Ev
                0x0000000000014f34        0x4 UbuntuARM_Release/ImageEnhance.o
                0x0000000000014f34                cvflann::anyimpl::small_any_policy<bool>::~small_any_policy()
                0x0000000000014f34                cvflann::anyimpl::small_any_policy<bool>::~small_any_policy()
 .text._ZN7cvflann7anyimpl14big_any_policyINS_17flann_algorithm_tEED2Ev
                0x0000000000014f38        0x4 UbuntuARM_Release/ImageEnhance.o
                0x0000000000014f38                cvflann::anyimpl::big_any_policy<cvflann::flann_algorithm_t>::~big_any_policy()
                0x0000000000014f38                cvflann::anyimpl::big_any_policy<cvflann::flann_algorithm_t>::~big_any_policy()
 .text._ZN7cvflann7anyimpl14big_any_policyINS_20flann_centers_init_tEED2Ev
                0x0000000000014f3c        0x4 UbuntuARM_Release/ImageEnhance.o
                0x0000000000014f3c                cvflann::anyimpl::big_any_policy<cvflann::flann_centers_init_t>::~big_any_policy()
                0x0000000000014f3c                cvflann::anyimpl::big_any_policy<cvflann::flann_centers_init_t>::~big_any_policy()
 .text._ZN7cvflann7anyimpl16small_any_policyIjED2Ev
                0x0000000000014f40        0x4 UbuntuARM_Release/ImageEnhance.o
                0x0000000000014f40                cvflann::anyimpl::small_any_policy<unsigned int>::~small_any_policy()
                0x0000000000014f40                cvflann::anyimpl::small_any_policy<unsigned int>::~small_any_policy()
 .text._ZN7cvflann7anyimpl14big_any_policyIN2cv6StringEED2Ev
                0x0000000000014f44        0x4 UbuntuARM_Release/ImageEnhance.o
                0x0000000000014f44                cvflann::anyimpl::big_any_policy<cv::String>::~big_any_policy()
                0x0000000000014f44                cvflann::anyimpl::big_any_policy<cv::String>::~big_any_policy()
 .text._ZN7cvflann7anyimpl16small_any_policyIjE13static_deleteEPPv
                0x0000000000014f48        0x4 UbuntuARM_Release/ImageEnhance.o
                0x0000000000014f48                cvflann::anyimpl::small_any_policy<unsigned int>::static_delete(void**)
 .text._ZN7cvflann7anyimpl16small_any_policyIjE15copy_from_valueEPKvPPv
                0x0000000000014f4c        0xc UbuntuARM_Release/ImageEnhance.o
                0x0000000000014f4c                cvflann::anyimpl::small_any_policy<unsigned int>::copy_from_value(void const*, void**)
 .text._ZN7cvflann7anyimpl16small_any_policyIjE5cloneEPKPvPS3_
                0x0000000000014f58        0xc UbuntuARM_Release/ImageEnhance.o
                0x0000000000014f58                cvflann::anyimpl::small_any_policy<unsigned int>::clone(void* const*, void**)
 .text._ZN7cvflann7anyimpl16small_any_policyIjE4moveEPKPvPS3_
                0x0000000000014f64        0xc UbuntuARM_Release/ImageEnhance.o
                0x0000000000014f64                cvflann::anyimpl::small_any_policy<unsigned int>::move(void* const*, void**)
 .text._ZN7cvflann7anyimpl16small_any_policyIjE9get_valueEPPv
                0x0000000000014f70        0x8 UbuntuARM_Release/ImageEnhance.o
                0x0000000000014f70                cvflann::anyimpl::small_any_policy<unsigned int>::get_value(void**)
 .text._ZN7cvflann7anyimpl16small_any_policyIjE9get_valueEPKPv
                0x0000000000014f78        0x8 UbuntuARM_Release/ImageEnhance.o
                0x0000000000014f78                cvflann::anyimpl::small_any_policy<unsigned int>::get_value(void* const*)
 .text._ZN7cvflann7anyimpl21typed_base_any_policyIjE8get_sizeEv
                0x0000000000014f80        0x8 UbuntuARM_Release/ImageEnhance.o
                0x0000000000014f80                cvflann::anyimpl::typed_base_any_policy<unsigned int>::get_size()
 .text._ZN7cvflann7anyimpl21typed_base_any_policyIjE4typeEv
                0x0000000000014f88       0x1c UbuntuARM_Release/ImageEnhance.o
                0x0000000000014f88                cvflann::anyimpl::typed_base_any_policy<unsigned int>::type()
 .text._ZN7cvflann7anyimpl16small_any_policyIbE13static_deleteEPPv
                0x0000000000014fa4        0x4 UbuntuARM_Release/ImageEnhance.o
                0x0000000000014fa4                cvflann::anyimpl::small_any_policy<bool>::static_delete(void**)
 .text._ZN7cvflann7anyimpl16small_any_policyIbE15copy_from_valueEPKvPPv
                0x0000000000014fa8        0xc UbuntuARM_Release/ImageEnhance.o
                0x0000000000014fa8                cvflann::anyimpl::small_any_policy<bool>::copy_from_value(void const*, void**)
 .text._ZN7cvflann7anyimpl16small_any_policyIbE5cloneEPKPvPS3_
                0x0000000000014fb4        0xc UbuntuARM_Release/ImageEnhance.o
                0x0000000000014fb4                cvflann::anyimpl::small_any_policy<bool>::clone(void* const*, void**)
 .text._ZN7cvflann7anyimpl16small_any_policyIbE4moveEPKPvPS3_
                0x0000000000014fc0        0xc UbuntuARM_Release/ImageEnhance.o
                0x0000000000014fc0                cvflann::anyimpl::small_any_policy<bool>::move(void* const*, void**)
 .text._ZN7cvflann7anyimpl16small_any_policyIbE9get_valueEPPv
                0x0000000000014fcc        0x8 UbuntuARM_Release/ImageEnhance.o
                0x0000000000014fcc                cvflann::anyimpl::small_any_policy<bool>::get_value(void**)
 .text._ZN7cvflann7anyimpl16small_any_policyIbE9get_valueEPKPv
                0x0000000000014fd4        0x8 UbuntuARM_Release/ImageEnhance.o
                0x0000000000014fd4                cvflann::anyimpl::small_any_policy<bool>::get_value(void* const*)
 .text._ZN7cvflann7anyimpl21typed_base_any_policyIbE8get_sizeEv
                0x0000000000014fdc        0x8 UbuntuARM_Release/ImageEnhance.o
                0x0000000000014fdc                cvflann::anyimpl::typed_base_any_policy<bool>::get_size()
 .text._ZN7cvflann7anyimpl21typed_base_any_policyIbE4typeEv
                0x0000000000014fe4       0x1c UbuntuARM_Release/ImageEnhance.o
                0x0000000000014fe4                cvflann::anyimpl::typed_base_any_policy<bool>::type()
 .text._ZN7cvflann7anyimpl16small_any_policyIfE13static_deleteEPPv
                0x0000000000015000        0x4 UbuntuARM_Release/ImageEnhance.o
                0x0000000000015000                cvflann::anyimpl::small_any_policy<float>::static_delete(void**)
 .text._ZN7cvflann7anyimpl16small_any_policyIfE15copy_from_valueEPKvPPv
                0x0000000000015004        0xc UbuntuARM_Release/ImageEnhance.o
                0x0000000000015004                cvflann::anyimpl::small_any_policy<float>::copy_from_value(void const*, void**)
 .text._ZN7cvflann7anyimpl16small_any_policyIfE5cloneEPKPvPS3_
                0x0000000000015010        0xc UbuntuARM_Release/ImageEnhance.o
                0x0000000000015010                cvflann::anyimpl::small_any_policy<float>::clone(void* const*, void**)
 .text._ZN7cvflann7anyimpl16small_any_policyIfE4moveEPKPvPS3_
                0x000000000001501c        0xc UbuntuARM_Release/ImageEnhance.o
                0x000000000001501c                cvflann::anyimpl::small_any_policy<float>::move(void* const*, void**)
 .text._ZN7cvflann7anyimpl16small_any_policyIfE9get_valueEPPv
                0x0000000000015028        0x8 UbuntuARM_Release/ImageEnhance.o
                0x0000000000015028                cvflann::anyimpl::small_any_policy<float>::get_value(void**)
 .text._ZN7cvflann7anyimpl16small_any_policyIfE9get_valueEPKPv
                0x0000000000015030        0x8 UbuntuARM_Release/ImageEnhance.o
                0x0000000000015030                cvflann::anyimpl::small_any_policy<float>::get_value(void* const*)
 .text._ZN7cvflann7anyimpl21typed_base_any_policyIfE8get_sizeEv
                0x0000000000015038        0x8 UbuntuARM_Release/ImageEnhance.o
                0x0000000000015038                cvflann::anyimpl::typed_base_any_policy<float>::get_size()
 .text._ZN7cvflann7anyimpl21typed_base_any_policyIfE4typeEv
                0x0000000000015040       0x1c UbuntuARM_Release/ImageEnhance.o
                0x0000000000015040                cvflann::anyimpl::typed_base_any_policy<float>::type()
 .text._ZN7cvflann7anyimpl16small_any_policyIiE13static_deleteEPPv
                0x000000000001505c        0x4 UbuntuARM_Release/ImageEnhance.o
                0x000000000001505c                cvflann::anyimpl::small_any_policy<int>::static_delete(void**)
 .text._ZN7cvflann7anyimpl16small_any_policyIiE15copy_from_valueEPKvPPv
                0x0000000000015060        0xc UbuntuARM_Release/ImageEnhance.o
                0x0000000000015060                cvflann::anyimpl::small_any_policy<int>::copy_from_value(void const*, void**)
 .text._ZN7cvflann7anyimpl16small_any_policyIiE5cloneEPKPvPS3_
                0x000000000001506c        0xc UbuntuARM_Release/ImageEnhance.o
                0x000000000001506c                cvflann::anyimpl::small_any_policy<int>::clone(void* const*, void**)
 .text._ZN7cvflann7anyimpl16small_any_policyIiE4moveEPKPvPS3_
                0x0000000000015078        0xc UbuntuARM_Release/ImageEnhance.o
                0x0000000000015078                cvflann::anyimpl::small_any_policy<int>::move(void* const*, void**)
 .text._ZN7cvflann7anyimpl16small_any_policyIiE9get_valueEPPv
                0x0000000000015084        0x8 UbuntuARM_Release/ImageEnhance.o
                0x0000000000015084                cvflann::anyimpl::small_any_policy<int>::get_value(void**)
 .text._ZN7cvflann7anyimpl16small_any_policyIiE9get_valueEPKPv
                0x000000000001508c        0x8 UbuntuARM_Release/ImageEnhance.o
                0x000000000001508c                cvflann::anyimpl::small_any_policy<int>::get_value(void* const*)
 .text._ZN7cvflann7anyimpl21typed_base_any_policyIiE8get_sizeEv
                0x0000000000015094        0x8 UbuntuARM_Release/ImageEnhance.o
                0x0000000000015094                cvflann::anyimpl::typed_base_any_policy<int>::get_size()
 .text._ZN7cvflann7anyimpl21typed_base_any_policyIiE4typeEv
                0x000000000001509c       0x1c UbuntuARM_Release/ImageEnhance.o
                0x000000000001509c                cvflann::anyimpl::typed_base_any_policy<int>::type()
 .text._ZN7cvflann7anyimpl16small_any_policyIPKcE13static_deleteEPPv
                0x00000000000150b8        0x4 UbuntuARM_Release/ImageEnhance.o
                0x00000000000150b8                cvflann::anyimpl::small_any_policy<char const*>::static_delete(void**)
 .text._ZN7cvflann7anyimpl16small_any_policyIPKcE15copy_from_valueEPKvPPv
                0x00000000000150bc        0xc UbuntuARM_Release/ImageEnhance.o
                0x00000000000150bc                cvflann::anyimpl::small_any_policy<char const*>::copy_from_value(void const*, void**)
 .text._ZN7cvflann7anyimpl16small_any_policyIPKcE5cloneEPKPvPS5_
                0x00000000000150c8        0xc UbuntuARM_Release/ImageEnhance.o
                0x00000000000150c8                cvflann::anyimpl::small_any_policy<char const*>::clone(void* const*, void**)
 .text._ZN7cvflann7anyimpl16small_any_policyIPKcE4moveEPKPvPS5_
                0x00000000000150d4        0xc UbuntuARM_Release/ImageEnhance.o
                0x00000000000150d4                cvflann::anyimpl::small_any_policy<char const*>::move(void* const*, void**)
 .text._ZN7cvflann7anyimpl16small_any_policyIPKcE9get_valueEPPv
                0x00000000000150e0        0x8 UbuntuARM_Release/ImageEnhance.o
                0x00000000000150e0                cvflann::anyimpl::small_any_policy<char const*>::get_value(void**)
 .text._ZN7cvflann7anyimpl16small_any_policyIPKcE9get_valueEPKPv
                0x00000000000150e8        0x8 UbuntuARM_Release/ImageEnhance.o
                0x00000000000150e8                cvflann::anyimpl::small_any_policy<char const*>::get_value(void* const*)
 .text._ZN7cvflann7anyimpl21typed_base_any_policyIPKcE8get_sizeEv
                0x00000000000150f0        0x8 UbuntuARM_Release/ImageEnhance.o
                0x00000000000150f0                cvflann::anyimpl::typed_base_any_policy<char const*>::get_size()
 .text._ZN7cvflann7anyimpl21typed_base_any_policyIPKcE4typeEv
                0x00000000000150f8       0x1c UbuntuARM_Release/ImageEnhance.o
                0x00000000000150f8                cvflann::anyimpl::typed_base_any_policy<char const*>::type()
 .text._ZN7cvflann7anyimpl14big_any_policyINS0_9empty_anyEE4moveEPKPvPS4_
                0x0000000000015114        0x4 UbuntuARM_Release/ImageEnhance.o
                0x0000000000015114                cvflann::anyimpl::big_any_policy<cvflann::anyimpl::empty_any>::move(void* const*, void**)
 .text._ZN7cvflann7anyimpl14big_any_policyINS0_9empty_anyEE9get_valueEPPv
                0x0000000000015118        0x8 UbuntuARM_Release/ImageEnhance.o
                0x0000000000015118                cvflann::anyimpl::big_any_policy<cvflann::anyimpl::empty_any>::get_value(void**)
 .text._ZN7cvflann7anyimpl14big_any_policyINS0_9empty_anyEE9get_valueEPKPv
                0x0000000000015120        0x8 UbuntuARM_Release/ImageEnhance.o
                0x0000000000015120                cvflann::anyimpl::big_any_policy<cvflann::anyimpl::empty_any>::get_value(void* const*)
 .text._ZN7cvflann7anyimpl21typed_base_any_policyINS0_9empty_anyEE8get_sizeEv
                0x0000000000015128        0x8 UbuntuARM_Release/ImageEnhance.o
                0x0000000000015128                cvflann::anyimpl::typed_base_any_policy<cvflann::anyimpl::empty_any>::get_size()
 .text._ZN7cvflann7anyimpl21typed_base_any_policyINS0_9empty_anyEE4typeEv
                0x0000000000015130       0x1c UbuntuARM_Release/ImageEnhance.o
                0x0000000000015130                cvflann::anyimpl::typed_base_any_policy<cvflann::anyimpl::empty_any>::type()
 .text._ZN7cvflann7anyimpl14big_any_policyIN2cv6StringEE9get_valueEPPv
                0x000000000001514c        0x8 UbuntuARM_Release/ImageEnhance.o
                0x000000000001514c                cvflann::anyimpl::big_any_policy<cv::String>::get_value(void**)
 .text._ZN7cvflann7anyimpl14big_any_policyIN2cv6StringEE9get_valueEPKPv
                0x0000000000015154        0x8 UbuntuARM_Release/ImageEnhance.o
                0x0000000000015154                cvflann::anyimpl::big_any_policy<cv::String>::get_value(void* const*)
 .text._ZN7cvflann7anyimpl21typed_base_any_policyIN2cv6StringEE8get_sizeEv
                0x000000000001515c        0x8 UbuntuARM_Release/ImageEnhance.o
                0x000000000001515c                cvflann::anyimpl::typed_base_any_policy<cv::String>::get_size()
 .text._ZN7cvflann7anyimpl21typed_base_any_policyIN2cv6StringEE4typeEv
                0x0000000000015164       0x1c UbuntuARM_Release/ImageEnhance.o
                0x0000000000015164                cvflann::anyimpl::typed_base_any_policy<cv::String>::type()
 .text._ZN7cvflann7anyimpl14big_any_policyINS_17flann_algorithm_tEE4moveEPKPvPS4_
                0x0000000000015180       0x14 UbuntuARM_Release/ImageEnhance.o
                0x0000000000015180                cvflann::anyimpl::big_any_policy<cvflann::flann_algorithm_t>::move(void* const*, void**)
 .text._ZN7cvflann7anyimpl14big_any_policyINS_17flann_algorithm_tEE9get_valueEPPv
                0x0000000000015194        0x8 UbuntuARM_Release/ImageEnhance.o
                0x0000000000015194                cvflann::anyimpl::big_any_policy<cvflann::flann_algorithm_t>::get_value(void**)
 .text._ZN7cvflann7anyimpl14big_any_policyINS_17flann_algorithm_tEE9get_valueEPKPv
                0x000000000001519c        0x8 UbuntuARM_Release/ImageEnhance.o
                0x000000000001519c                cvflann::anyimpl::big_any_policy<cvflann::flann_algorithm_t>::get_value(void* const*)
 .text._ZN7cvflann7anyimpl21typed_base_any_policyINS_17flann_algorithm_tEE8get_sizeEv
                0x00000000000151a4        0x8 UbuntuARM_Release/ImageEnhance.o
                0x00000000000151a4                cvflann::anyimpl::typed_base_any_policy<cvflann::flann_algorithm_t>::get_size()
 .text._ZN7cvflann7anyimpl21typed_base_any_policyINS_17flann_algorithm_tEE4typeEv
                0x00000000000151ac       0x1c UbuntuARM_Release/ImageEnhance.o
                0x00000000000151ac                cvflann::anyimpl::typed_base_any_policy<cvflann::flann_algorithm_t>::type()
 .text._ZN7cvflann7anyimpl14big_any_policyINS_20flann_centers_init_tEE4moveEPKPvPS4_
                0x00000000000151c8       0x14 UbuntuARM_Release/ImageEnhance.o
                0x00000000000151c8                cvflann::anyimpl::big_any_policy<cvflann::flann_centers_init_t>::move(void* const*, void**)
 .text._ZN7cvflann7anyimpl14big_any_policyINS_20flann_centers_init_tEE9get_valueEPPv
                0x00000000000151dc        0x8 UbuntuARM_Release/ImageEnhance.o
                0x00000000000151dc                cvflann::anyimpl::big_any_policy<cvflann::flann_centers_init_t>::get_value(void**)
 .text._ZN7cvflann7anyimpl14big_any_policyINS_20flann_centers_init_tEE9get_valueEPKPv
                0x00000000000151e4        0x8 UbuntuARM_Release/ImageEnhance.o
                0x00000000000151e4                cvflann::anyimpl::big_any_policy<cvflann::flann_centers_init_t>::get_value(void* const*)
 .text._ZN7cvflann7anyimpl21typed_base_any_policyINS_20flann_centers_init_tEE8get_sizeEv
                0x00000000000151ec        0x8 UbuntuARM_Release/ImageEnhance.o
                0x00000000000151ec                cvflann::anyimpl::typed_base_any_policy<cvflann::flann_centers_init_t>::get_size()
 .text._ZN7cvflann7anyimpl21typed_base_any_policyINS_20flann_centers_init_tEE4typeEv
                0x00000000000151f4       0x1c UbuntuARM_Release/ImageEnhance.o
                0x00000000000151f4                cvflann::anyimpl::typed_base_any_policy<cvflann::flann_centers_init_t>::type()
 .text._ZN7cvflann7anyimpl14big_any_policyINS_20flann_centers_init_tEE5cloneEPKPvPS4_
                0x0000000000015210       0x28 UbuntuARM_Release/ImageEnhance.o
                0x0000000000015210                cvflann::anyimpl::big_any_policy<cvflann::flann_centers_init_t>::clone(void* const*, void**)
 .text._ZN7cvflann7anyimpl14big_any_policyINS_20flann_centers_init_tEE15copy_from_valueEPKvPPv
                0x0000000000015238       0x24 UbuntuARM_Release/ImageEnhance.o
                0x0000000000015238                cvflann::anyimpl::big_any_policy<cvflann::flann_centers_init_t>::copy_from_value(void const*, void**)
 .text._ZN7cvflann7anyimpl14big_any_policyINS_17flann_algorithm_tEE5cloneEPKPvPS4_
                0x000000000001525c       0x28 UbuntuARM_Release/ImageEnhance.o
                0x000000000001525c                cvflann::anyimpl::big_any_policy<cvflann::flann_algorithm_t>::clone(void* const*, void**)
 .text._ZN7cvflann7anyimpl14big_any_policyINS_17flann_algorithm_tEE15copy_from_valueEPKvPPv
                0x0000000000015284       0x24 UbuntuARM_Release/ImageEnhance.o
                0x0000000000015284                cvflann::anyimpl::big_any_policy<cvflann::flann_algorithm_t>::copy_from_value(void const*, void**)
 .text._ZN7cvflann7anyimpl14big_any_policyINS0_9empty_anyEE5cloneEPKPvPS4_
                0x00000000000152a8       0x18 UbuntuARM_Release/ImageEnhance.o
                0x00000000000152a8                cvflann::anyimpl::big_any_policy<cvflann::anyimpl::empty_any>::clone(void* const*, void**)
 .text._ZN7cvflann7anyimpl14big_any_policyINS0_9empty_anyEE15copy_from_valueEPKvPPv
                0x00000000000152c0       0x18 UbuntuARM_Release/ImageEnhance.o
                0x00000000000152c0                cvflann::anyimpl::big_any_policy<cvflann::anyimpl::empty_any>::copy_from_value(void const*, void**)
 .text._ZN7cvflann7anyimpl14big_any_policyIN2cv6StringEE5cloneEPKPvPS5_
                0x00000000000152d8       0x58 UbuntuARM_Release/ImageEnhance.o
                0x00000000000152d8                cvflann::anyimpl::big_any_policy<cv::String>::clone(void* const*, void**)
 .text._ZN7cvflann7anyimpl14big_any_policyIN2cv6StringEE15copy_from_valueEPKvPPv
                0x0000000000015330       0x54 UbuntuARM_Release/ImageEnhance.o
                0x0000000000015330                cvflann::anyimpl::big_any_policy<cv::String>::copy_from_value(void const*, void**)
 .text._ZN7cvflann7anyimpl14big_any_policyINS_20flann_centers_init_tEE13static_deleteEPPv
                0x0000000000015384       0x24 UbuntuARM_Release/ImageEnhance.o
                0x0000000000015384                cvflann::anyimpl::big_any_policy<cvflann::flann_centers_init_t>::static_delete(void**)
 .text._ZN7cvflann7anyimpl14big_any_policyINS_17flann_algorithm_tEE13static_deleteEPPv
                0x00000000000153a8       0x24 UbuntuARM_Release/ImageEnhance.o
                0x00000000000153a8                cvflann::anyimpl::big_any_policy<cvflann::flann_algorithm_t>::static_delete(void**)
 .text._ZN7cvflann7anyimpl14big_any_policyINS0_9empty_anyEE13static_deleteEPPv
                0x00000000000153cc       0x24 UbuntuARM_Release/ImageEnhance.o
                0x00000000000153cc                cvflann::anyimpl::big_any_policy<cvflann::anyimpl::empty_any>::static_delete(void**)
 .text._ZN7cvflann7anyimpl14big_any_policyINS0_9empty_anyEED0Ev
                0x00000000000153f0       0x14 UbuntuARM_Release/ImageEnhance.o
                0x00000000000153f0                cvflann::anyimpl::big_any_policy<cvflann::anyimpl::empty_any>::~big_any_policy()
 .text._ZN7cvflann7anyimpl16small_any_policyIPKcED0Ev
                0x0000000000015404       0x14 UbuntuARM_Release/ImageEnhance.o
                0x0000000000015404                cvflann::anyimpl::small_any_policy<char const*>::~small_any_policy()
 .text._ZN7cvflann7anyimpl16small_any_policyIiED0Ev
                0x0000000000015418       0x14 UbuntuARM_Release/ImageEnhance.o
                0x0000000000015418                cvflann::anyimpl::small_any_policy<int>::~small_any_policy()
 .text._ZN7cvflann7anyimpl16small_any_policyIfED0Ev
                0x000000000001542c       0x14 UbuntuARM_Release/ImageEnhance.o
                0x000000000001542c                cvflann::anyimpl::small_any_policy<float>::~small_any_policy()
 .text._ZN7cvflann7anyimpl16small_any_policyIbED0Ev
                0x0000000000015440       0x14 UbuntuARM_Release/ImageEnhance.o
                0x0000000000015440                cvflann::anyimpl::small_any_policy<bool>::~small_any_policy()
 .text._ZN7cvflann7anyimpl14big_any_policyINS_17flann_algorithm_tEED0Ev
                0x0000000000015454       0x14 UbuntuARM_Release/ImageEnhance.o
                0x0000000000015454                cvflann::anyimpl::big_any_policy<cvflann::flann_algorithm_t>::~big_any_policy()
 .text._ZN7cvflann7anyimpl14big_any_policyINS_20flann_centers_init_tEED0Ev
                0x0000000000015468       0x14 UbuntuARM_Release/ImageEnhance.o
                0x0000000000015468                cvflann::anyimpl::big_any_policy<cvflann::flann_centers_init_t>::~big_any_policy()
 .text._ZN7cvflann7anyimpl16small_any_policyIjED0Ev
                0x000000000001547c       0x14 UbuntuARM_Release/ImageEnhance.o
                0x000000000001547c                cvflann::anyimpl::small_any_policy<unsigned int>::~small_any_policy()
 .text._ZN7cvflann7anyimpl14big_any_policyIN2cv6StringEED0Ev
                0x0000000000015490       0x14 UbuntuARM_Release/ImageEnhance.o
                0x0000000000015490                cvflann::anyimpl::big_any_policy<cv::String>::~big_any_policy()
 .text._ZN7cvflann7anyimpl14big_any_policyIN2cv6StringEE13static_deleteEPPv
                0x00000000000154a4       0x30 UbuntuARM_Release/ImageEnhance.o
                0x00000000000154a4                cvflann::anyimpl::big_any_policy<cv::String>::static_delete(void**)
 .text._ZN7cvflann7anyimpl16small_any_policyIjE5printERSoPKPv
                0x00000000000154d4        0xc UbuntuARM_Release/ImageEnhance.o
                0x00000000000154d4                cvflann::anyimpl::small_any_policy<unsigned int>::print(std::ostream&, void* const*)
 .text._ZN7cvflann7anyimpl14big_any_policyINS_20flann_centers_init_tEE5printERSoPKPv
                0x00000000000154e0       0x10 UbuntuARM_Release/ImageEnhance.o
                0x00000000000154e0                cvflann::anyimpl::big_any_policy<cvflann::flann_centers_init_t>::print(std::ostream&, void* const*)
 .text._ZN7cvflann7anyimpl14big_any_policyINS_17flann_algorithm_tEE5printERSoPKPv
                0x00000000000154f0       0x10 UbuntuARM_Release/ImageEnhance.o
                0x00000000000154f0                cvflann::anyimpl::big_any_policy<cvflann::flann_algorithm_t>::print(std::ostream&, void* const*)
 .text._ZN7cvflann7anyimpl16small_any_policyIiE5printERSoPKPv
                0x0000000000015500        0xc UbuntuARM_Release/ImageEnhance.o
                0x0000000000015500                cvflann::anyimpl::small_any_policy<int>::print(std::ostream&, void* const*)
 .text._ZN7cvflann7anyimpl16small_any_policyIbE5printERSoPKPv
                0x000000000001550c        0xc UbuntuARM_Release/ImageEnhance.o
                0x000000000001550c                cvflann::anyimpl::small_any_policy<bool>::print(std::ostream&, void* const*)
 .text._ZN7cvflann7anyimpl16small_any_policyIfE5printERSoPKPv
                0x0000000000015518       0x10 UbuntuARM_Release/ImageEnhance.o
                0x0000000000015518                cvflann::anyimpl::small_any_policy<float>::print(std::ostream&, void* const*)
 .text._ZN7cvflann7anyimpl14big_any_policyIN2cv6StringEE4moveEPKPvPS5_
                0x0000000000015528       0x6c UbuntuARM_Release/ImageEnhance.o
                0x0000000000015528                cvflann::anyimpl::big_any_policy<cv::String>::move(void* const*, void**)
 .text._ZN7cvflann7anyimpl14big_any_policyIN2cv6StringEE5printERSoPKPv
                0x0000000000015594       0x54 UbuntuARM_Release/ImageEnhance.o
                0x0000000000015594                cvflann::anyimpl::big_any_policy<cv::String>::print(std::ostream&, void* const*)
 .text._ZN7cvflann7anyimpl14big_any_policyINS0_9empty_anyEE5printERSoPKPv
                0x00000000000155e8       0x18 UbuntuARM_Release/ImageEnhance.o
                0x00000000000155e8                cvflann::anyimpl::big_any_policy<cvflann::anyimpl::empty_any>::print(std::ostream&, void* const*)
 .text._ZN7cvflann7anyimpl16small_any_policyIPKcE5printERSoPKPv
                0x0000000000015600       0x4c UbuntuARM_Release/ImageEnhance.o
                0x0000000000015600                cvflann::anyimpl::small_any_policy<char const*>::print(std::ostream&, void* const*)
 .text._ZN2cv3MatC2ERKS0_
                0x000000000001564c       0xe8 UbuntuARM_Release/ImageEnhance.o
                0x000000000001564c                cv::Mat::Mat(cv::Mat const&)
                0x000000000001564c                cv::Mat::Mat(cv::Mat const&)
 .text._ZN2cv3MatD2Ev
                0x0000000000015734       0xa0 UbuntuARM_Release/ImageEnhance.o
                0x0000000000015734                cv::Mat::~Mat()
                0x0000000000015734                cv::Mat::~Mat()
 .text._ZN2cv3MataSEOS0_
                0x00000000000157d4      0x184 UbuntuARM_Release/ImageEnhance.o
                0x00000000000157d4                cv::Mat::operator=(cv::Mat&&)
 .text._ZNSt6vectorIN2cv3MatESaIS1_EED2Ev
                0x0000000000015958       0xd0 UbuntuARM_Release/ImageEnhance.o
                0x0000000000015958                std::vector<cv::Mat, std::allocator<cv::Mat> >::~vector()
                0x0000000000015958                std::vector<cv::Mat, std::allocator<cv::Mat> >::~vector()
 .text._ZNSt6vectorIN2cv3MatESaIS1_EE17_M_realloc_insertIJRKS1_EEEvN9__gnu_cxx17__normal_iteratorIPS1_S3_EEDpOT_
                0x0000000000015a28      0x2cc UbuntuARM_Release/ImageEnhance.o
                0x0000000000015a28                void std::vector<cv::Mat, std::allocator<cv::Mat> >::_M_realloc_insert<cv::Mat const&>(__gnu_cxx::__normal_iterator<cv::Mat*, std::vector<cv::Mat, std::allocator<cv::Mat> > >, cv::Mat const&)
 .text          0x0000000000015cf4    0x28ad4 lib/libfastcv.a(libfastcv_la-fastcvManager.o)
                0x0000000000015cf4                fcvFilterMedian3x3u8
                0x0000000000015e14                fcvFilterMedian3x3u8_v2
                0x0000000000015f6c                fcvFilterGaussian3x3u8
                0x00000000000160b8                fcvFilterGaussian3x3u8_v2
                0x0000000000016248                fcvFilterGaussian5x5u8
                0x0000000000016354                fcvFilterGaussian5x5u8_v2
                0x0000000000016494                fcvFilterGaussian11x11u8
                0x00000000000165bc                fcvFilterGaussian11x11u8_v2
                0x0000000000016724                fcvColorYUV420toRGB8888u8
                0x0000000000016848                fcvColorYCrCb420PseudoPlanarToRGB8888u8
                0x000000000001699c                fcvColorYUV420toRGB565u8
                0x0000000000016aac                fcvColorYCrCbH1V1toRGB888u8
                0x0000000000016bc4                fcvColorYCrCbH2V2toRGB888u8
                0x0000000000016cd4                fcvColorRGB888toYCrCbu8_v2
                0x0000000000016e1c                fcvColorRGB888toYCrCbu8
                0x0000000000016f34                fcvColorYCrCbH2V1toRGB888u8
                0x0000000000017044                fcvColorYCrCbH1V2toRGB888u8
                0x0000000000017154                fcvDescriptor17x17u8To36s8
                0x0000000000017214                fcvDescriptorSampledMeanAndVar36f32
                0x00000000000172b4                fcvDotProducts8
                0x0000000000017374                fcvDotProductu8
                0x0000000000017430                fcvDotProduct36x1s8
                0x00000000000174a0                fcvDotProduct36x4s8
                0x00000000000175a4                fcvDotProductNorm36x4s8
                0x00000000000176d4                fcvDotProduct36x1u8
                0x0000000000017774                fcvDotProduct36x4u8
                0x0000000000017878                fcvDotProductNorm36x4u8
                0x00000000000179a8                fcvDotProduct64x1s8
                0x0000000000017a4c                fcvDotProduct64x4s8
                0x0000000000017b50                fcvDotProductNorm64x4s8
                0x0000000000017c80                fcvDotProduct64x1u8
                0x0000000000017d20                fcvDotProduct64x4u8
                0x0000000000017e24                fcvDotProductNorm64x4u8
                0x0000000000017f54                fcvDotProduct128x1s8
                0x0000000000017ff8                fcvDotProduct128x4s8
                0x00000000000180fc                fcvDotProductNorm128x4s8
                0x000000000001822c                fcvDotProduct128x1u8
                0x00000000000182cc                fcvDotProduct128x4u8
                0x00000000000183d0                fcvDotProductNorm128x4u8
                0x0000000000018500                fcvDotProduct8x8u8
                0x0000000000018608                fcvDotProduct11x12u8
                0x0000000000018714                fcvFilterSobel3x3u8
                0x0000000000018828                fcvFilterSobel3x3u8_v2
                0x0000000000018964                fcvFilterCanny3x3u8
                0x0000000000018acc                fcvFilterCanny3x3u8_v2
                0x0000000000018c64                fcvFilterCanny3x3u8_v3
                0x0000000000018e34                fcvImageDiffu8
                0x0000000000018f60                fcvImageDiffu8_v2
                0x00000000000190c0                fcvImageDiffs16
                0x0000000000019224                fcvImageDifff32
                0x0000000000019380                fcvImageDiffu8f32
                0x00000000000194c4                fcvImageDiffu8s8
                0x0000000000019624                fcvImageGradientInterleaveds16
                0x0000000000019768                fcvImageGradientInterleaveds16_v2
                0x00000000000198d0                fcvImageGradientInterleavedf32
                0x0000000000019a14                fcvImageGradientInterleavedf32_v2
                0x0000000000019b7c                fcvImageGradientPlanars16
                0x0000000000019cd4                fcvImageGradientPlanars16_v2
                0x0000000000019e50                fcvImageGradientPlanarf32
                0x0000000000019fa8                fcvImageGradientPlanarf32_v2
                0x000000000001a124                fcvImageGradientSobelInterleaveds16
                0x000000000001a268                fcvImageGradientSobelInterleaveds16_v2
                0x000000000001a3d0                fcvImageGradientSobelInterleaveds16_v3
                0x000000000001a538                fcvImageGradientSobelInterleavedf32
                0x000000000001a67c                fcvImageGradientSobelInterleavedf32_v2
                0x000000000001a7e8                fcvImageGradientSobelPlanars16
                0x000000000001a940                fcvImageGradientSobelPlanars16_v2
                0x000000000001aad0                fcvImageGradientSobelPlanars16_v3
                0x000000000001ac5c                fcvImageGradientSobelPlanars8
                0x000000000001adb0                fcvImageGradientSobelPlanars8_v2
                0x000000000001af2c                fcvImageGradientSobelPlanarf32
                0x000000000001b084                fcvImageGradientSobelPlanarf32_v2
                0x000000000001b210                fcvImageGradientSobelPlanarf32f32
                0x000000000001b368                fcvImageGradientSobelPlanarf32f32_v2
                0x000000000001b4f0                fcvClusterEuclideanNormed36f32
                0x000000000001b5fc                fcvClusterEuclideanf32
                0x000000000001b724                fcvClusterEuclideanNormedf32
                0x000000000001b84c                fcvCornerFast9u8
                0x000000000001b9ac                fcvCornerFast9InMasku8
                0x000000000001bb34                fcvCornerFast10u8
                0x000000000001bc94                fcvCornerFast10InMasku8
                0x000000000001be1c                fcvCornerHarrisu8
                0x000000000001bf58                fcvLocalHarrisMaxu8
                0x000000000001c04c                fcvCornerHarrisInMasku8
                0x000000000001c1a4                fcvCornerHarrisAdaptiveu8
                0x000000000001c2d0                fcvGeomAffineFitf32
                0x000000000001c380                fcvGeomAffineEvaluatef32
                0x000000000001c430                fcvGeomHomographyFitf32
                0x000000000001c500                fcvGeomHomographyEvaluatef32
                0x000000000001c5cc                fcvGeomHomographyEvaluatef32_v2
                0x000000000001c6a4                fcvGeomPoseRefineGNf32
                0x000000000001c768                fcvGeomPoseUpdatef32
                0x000000000001c810                fcvGeomPoseOptimizeGNf32
                0x000000000001c8b8                fcvGeomPoseEvaluateErrorf32
                0x000000000001c974                fcvGeomPoseEvaluatef32
                0x000000000001ca30                fcvGeom3PointPoseEstimatef32
                0x000000000001cb00                fcvFilterCorr3x3s8
                0x000000000001cc2c                fcvFilterCorr3x3s8_v2
                0x000000000001cd84                fcvFilterCorrSep9x9s16
                0x000000000001cee4                fcvFilterCorrSep11x11s16
                0x000000000001d044                fcvFilterCorrSep13x13s16
                0x000000000001d1a4                fcvFilterCorrSep15x15s16
                0x000000000001d304                fcvFilterCorrSep17x17s16
                0x000000000001d464                fcvFilterCorrSep9x9s16_v2
                0x000000000001d5fc                fcvFilterCorrSep11x11s16_v2
                0x000000000001d794                fcvFilterCorrSep13x13s16_v2
                0x000000000001d92c                fcvFilterCorrSep15x15s16_v2
                0x000000000001dac4                fcvFilterCorrSep17x17s16_v2
                0x000000000001dc5c                fcvFilterCorrSepNxNs16
                0x000000000001de04                fcvImageIntensityStats
                0x000000000001df50                fcvImageIntensityStats_v2
                0x000000000001e04c                fcvImageIntensityHistogram
                0x000000000001e164                fcvIntegrateImageu8
                0x000000000001e28c                fcvIntegrateImageu8_v2
                0x000000000001e3ec                fcvIntegratePatchu8
                0x000000000001e52c                fcvIntegratePatchu8_v2
                0x000000000001e660                fcvIntegrateImageu8u64
                0x000000000001e7dc                fcvIntegratePatch12x12u8
                0x000000000001e8fc                fcvIntegratePatch12x12u8_v2
                0x000000000001ea24                fcvIntegratePatch18x18u8
                0x000000000001eb44                fcvIntegratePatch18x18u8_v2
                0x000000000001ec5c                fcvIntegrateImageLineu8
                0x000000000001ed50                fcvIntegrateImageLine64u8
                0x000000000001ee38                fcvNCCPatchOnCircle8x8u8
                0x000000000001efcc                fcvNCCPatchOnSquare8x8u8
                0x000000000001f160                fcvNCCPatchOnCircle8x8u8_v2
                0x000000000001f2dc                fcvNCCPatchOnSquare8x8u8_v2
                0x000000000001f458                fcvSumOfAbsoluteDiffs8x8u8
                0x000000000001f59c                fcvSumOfAbsoluteDiffs8x8u8_v2
                0x000000000001f71c                fcvScaleDownBy2u8
                0x000000000001f810                fcvScaleDownBy2u8_v2
                0x000000000001f948                fcvScaleDownBy4u8
                0x000000000001fa3c                fcvScaleDownBy4u8_v2
                0x000000000001fb70                fcvScaleDown3To2u8
                0x000000000001fc84                fcvScaleDownNNu8
                0x000000000001fd8c                fcvScaleDownu8
                0x000000000001ff04                fcvScaleDownu8_v2
                0x00000000000200c4                fcvScaleUpBy2Gaussian5x5u8
                0x00000000000201d4                fcvScaleUpBy2Gaussian5x5u8_v2
                0x000000000002031c                fcvScaleDownBy2Gaussian5x5u8
                0x0000000000020454                fcvScaleDownBy2Gaussian5x5u8_v2
                0x00000000000205ac                fcvVecNormalize36s8f32
                0x00000000000206a8                fcvSumOfSquaredDiffs36x4s8
                0x0000000000020784                fcvSumOfSquaredDiffs36xNs8
                0x00000000000208a4                fcvSort8Scoresf32
                0x0000000000020974                fcvFilterThresholdu8
                0x0000000000020a94                fcvFilterThresholdu8_v2
                0x0000000000020c60                fcvFilterDilate3x3u8
                0x0000000000020d78                fcvFilterDilate3x3u8_v2
                0x0000000000020eb8                fcvFilterErode3x3u8
                0x0000000000020fd8                fcvFilterErode3x3u8_v2
                0x0000000000021130                fcvTransformAffine8x8u8
                0x000000000002123c                fcvTransformAffine8x8u8_v2
                0x0000000000021370                fcvWarpPerspectiveu8
                0x00000000000214c4                fcvWarpPerspectiveu8_v2
                0x000000000002164c                fcv3ChannelWarpPerspectiveu8
                0x000000000002179c                fcv3ChannelWarpPerspectiveu8_v2
                0x0000000000021950                fcvFilterGaussian5x5s16
                0x0000000000021a70                fcvFilterGaussian5x5s16_v2
                0x0000000000021bd4                fcvFilterGaussian5x5s32
                0x0000000000021cfc                fcvFilterGaussian5x5s32_v2
                0x0000000000021e5c                fcvTransformAffineu8
                0x0000000000021f78                fcvTransformAffineu8_v2
                0x0000000000022090                fcvCopyRotated17x17u8
                0x0000000000022168                fcvCornerFast9Scoreu8
                0x00000000000222e0                fcvCornerFast9InMaskScoreu8
                0x0000000000022470                fcvCornerFast9Scoreu8_v2
                0x0000000000022620                fcvCornerFast9InMaskScoreu8_v2
                0x0000000000022804                fcvCornerFast10Scoreu8
                0x00000000000229b4                fcvCornerFast10InMaskScoreu8
                0x0000000000022b98                fcvTrackLKOpticalFlowu8
                0x0000000000022d60                fcvTrackLKOpticalFlowu8_v2
                0x0000000000022ed4                fcvTrackLKOpticalFlowf32
                0x0000000000023070                fcvPyramidCreatef32
                0x000000000002316c                fcvPyramidCreatef32_v2
                0x0000000000023280                fcvPyramidCreateu8
                0x0000000000023384                fcvPyramidCreateu8_v2
                0x00000000000234ac                fcvPyramidAllocate
                0x0000000000023544                fcvPyramidAllocate_v2
                0x00000000000235dc                fcvPyramidDelete
                0x000000000002369c                fcvPyramidDelete_v2
                0x000000000002375c                fcvPyramidSobelGradientCreatei16
                0x0000000000023820                fcvPyramidSobelGradientCreatei8
                0x00000000000238e4                fcvPyramidSobelGradientCreatef32
                0x00000000000239a8                fcvBitCountu8
                0x0000000000023a54                fcvBitCount32x1u8
                0x0000000000023af8                fcvBitCount32x4u8
                0x0000000000023c0c                fcvBitCount64x1u8
                0x0000000000023cb0                fcvBitCount64x4u8
                0x0000000000023dc4                fcvBitCountu32
                0x0000000000023e74                fcvHammingDistanceu8
                0x0000000000023f38                fcvHammingDistance32x1u8a4
                0x0000000000023fec                fcvHammingDistance64x1u8a4
                0x00000000000240a0                fcvHammingDistance32x1u8
                0x0000000000024154                fcvHammingDistance64x1u8
                0x0000000000024208                fcvHammingDistance32x4u8a4
                0x0000000000024328                fcvHammingDistance64x4u8a4
                0x0000000000024448                fcvHammingDistance64x4u8
                0x0000000000024568                fcvMseru8
                0x00000000000246ac                fcvMserExtu8
                0x0000000000024828                fcvMseru8_v2
                0x0000000000024950                fcvMserExtu8_v2
                0x0000000000024ab8                fcvMserExtu8_v3
                0x0000000000024c30                fcvMserInit
                0x0000000000024ce0                fcvMserRelease
                0x0000000000024d88                fcvMserNN8u8
                0x0000000000024eb0                fcvMserExtNN8u8
                0x0000000000025020                fcvMserNN8Init
                0x00000000000250d0                fcvTrackBMOpticalFlow16x16u8
                0x0000000000025298                fcvBoundingRectangle
                0x0000000000025390                fcvUpsampleVerticalu8
                0x000000000002549c                fcvUpsampleHorizontalu8
                0x00000000000255a8                fcvUpsample2Du8
                0x00000000000256b4                fcvUpsampleVerticalInterleavedu8
                0x00000000000257c0                fcvUpsampleHorizontalInterleavedu8
                0x00000000000258d0                fcvUpsample2DInterleavedu8
                0x00000000000259e0                fcvColorRGB565ToYCbCr444Planaru8
                0x0000000000025b30                fcvColorRGB565ToYCbCr422Planaru8
                0x0000000000025c88                fcvColorRGB565ToYCbCr420Planaru8
                0x0000000000025de0                fcvColorRGB888ToYCbCr444Planaru8
                0x0000000000025f30                fcvColorRGB888ToYCbCr422Planaru8
                0x0000000000026088                fcvColorRGB888ToYCbCr420Planaru8
                0x00000000000261e0                fcvColorRGBA8888ToYCbCr444Planaru8
                0x0000000000026330                fcvColorRGBA8888ToYCbCr422Planaru8
                0x0000000000026488                fcvColorRGBA8888ToYCbCr420Planaru8
                0x00000000000265e0                fcvColorRGB565ToYCbCr444PseudoPlanaru8
                0x0000000000026710                fcvColorRGB565ToYCbCr422PseudoPlanaru8
                0x0000000000026840                fcvColorRGB565ToYCbCr420PseudoPlanaru8
                0x0000000000026970                fcvColorRGB888ToYCbCr444PseudoPlanaru8
                0x0000000000026aa4                fcvColorRGB888ToYCbCr422PseudoPlanaru8
                0x0000000000026bd4                fcvColorRGB888ToYCbCr420PseudoPlanaru8
                0x0000000000026d04                fcvColorRGBA8888ToYCbCr444PseudoPlanaru8
                0x0000000000026e38                fcvColorRGBA8888ToYCbCr422PseudoPlanaru8
                0x0000000000026f68                fcvColorRGBA8888ToYCbCr420PseudoPlanaru8
                0x0000000000027098                fcvColorRGB565ToRGB888u8
                0x000000000002719c                fcvColorRGB565ToRGBA8888u8
                0x00000000000272a0                fcvColorRGB565ToBGR565u8
                0x00000000000273a0                fcvColorRGB565ToBGR888u8
                0x00000000000274a4                fcvColorRGB565ToBGRA8888u8
                0x00000000000275a8                fcvColorRGB888ToRGB565u8
                0x00000000000276ac                fcvColorRGB888ToRGBA8888u8
                0x00000000000277b0                fcvColorRGB888ToBGR565u8
                0x00000000000278b4                fcvColorRGB888ToBGR888u8
                0x00000000000279b8                fcvColorRGB888ToBGRA8888u8
                0x0000000000027abc                fcvColorRGBA8888ToRGB565u8
                0x0000000000027bc0                fcvColorRGBA8888ToRGB888u8
                0x0000000000027cc4                fcvColorRGBA8888ToBGR565u8
                0x0000000000027dc8                fcvColorRGBA8888ToBGR888u8
                0x0000000000027ecc                fcvColorRGBA8888ToBGRA8888u8
                0x0000000000027fcc                fcvColorRGBA8888ToLABu8
                0x00000000000280cc                fcvColorYCbCr444PlanarToYCbCr422Planaru8
                0x0000000000028270                fcvColorYCbCr444PlanarToYCbCr420Planaru8
                0x0000000000028414                fcvColorYCbCr444PlanarToYCbCr444PseudoPlanaru8
                0x0000000000028584                fcvColorYCbCr444PlanarToYCbCr422PseudoPlanaru8
                0x00000000000286f0                fcvColorYCbCr444PlanarToYCbCr420PseudoPlanaru8
                0x000000000002885c                fcvColorYCbCr422PlanarToYCbCr444Planaru8
                0x0000000000028a00                fcvColorYCbCr422PlanarToYCbCr420Planaru8
                0x0000000000028bac                fcvColorYCbCr422PlanarToYCbCr444PseudoPlanaru8
                0x0000000000028d24                fcvColorYCbCr422PlanarToYCbCr422PseudoPlanaru8
                0x0000000000028e98                fcvColorYCbCr422PlanarToYCbCr420PseudoPlanaru8
                0x000000000002900c                fcvColorYCbCr420PlanarToYCbCr444Planaru8
                0x00000000000291b0                fcvColorYCbCr420PlanarToYCbCr422Planaru8
                0x000000000002935c                fcvColorYCbCr420PlanarToYCbCr444PseudoPlanaru8
                0x00000000000294d4                fcvColorYCbCr420PlanarToYCbCr422PseudoPlanaru8
                0x0000000000029648                fcvColorYCbCr420PlanarToYCbCr420PseudoPlanaru8
                0x00000000000297bc                fcvColorYCbCr444PseudoPlanarToYCbCr422PseudoPlanaru8
                0x000000000002990c                fcvColorYCbCr444PseudoPlanarToYCbCr420PseudoPlanaru8
                0x0000000000029a5c                fcvColorYCbCr444PseudoPlanarToYCbCr444Planaru8
                0x0000000000029bd8                fcvColorYCbCr444PseudoPlanarToYCbCr422Planaru8
                0x0000000000029d5c                fcvColorYCbCr444PseudoPlanarToYCbCr420Planaru8
                0x0000000000029ee0                fcvColorYCbCr422PseudoPlanarToYCbCr444PseudoPlanaru8
                0x000000000002a030                fcvColorYCbCr422PseudoPlanarToYCbCr420PseudoPlanaru8
                0x000000000002a17c                fcvColorYCbCr422PseudoPlanarToYCbCr444Planaru8
                0x000000000002a2f4                fcvColorYCbCr422PseudoPlanarToYCbCr422Planaru8
                0x000000000002a474                fcvColorYCbCr422PseudoPlanarToYCbCr420Planaru8
                0x000000000002a5f4                fcvColorYCbCr420PseudoPlanarToYCbCr444PseudoPlanaru8
                0x000000000002a744                fcvColorYCbCr420PseudoPlanarToYCbCr422PseudoPlanaru8
                0x000000000002a890                fcvColorYCbCr420PseudoPlanarToYCbCr444Planaru8
                0x000000000002aa08                fcvColorYCbCr420PseudoPlanarToYCbCr422Planaru8
                0x000000000002ab88                fcvColorYCbCr420PseudoPlanarToYCbCr420Planaru8
                0x000000000002ad08                fcvColorYCbCr444PlanarToRGB565u8
                0x000000000002ae50                fcvColorYCbCr444PlanarToRGB888u8
                0x000000000002af98                fcvColorYCbCr444PlanarToRGBA8888u8
                0x000000000002b0e0                fcvColorYCbCr422PlanarToRGB565u8
                0x000000000002b230                fcvColorYCbCr422PlanarToRGB888u8
                0x000000000002b384                fcvColorYCbCr422PlanarToRGBA8888u8
                0x000000000002b4d4                fcvColorYCbCr420PlanarToRGB565u8
                0x000000000002b624                fcvColorYCbCr420PlanarToRGB888u8
                0x000000000002b778                fcvColorYCbCr420PlanarToRGBA8888u8
                0x000000000002b8c8                fcvColorYCbCr444PseudoPlanarToRGB565u8
                0x000000000002b9f4                fcvColorYCbCr444PseudoPlanarToRGB888u8
                0x000000000002bb24                fcvColorYCbCr444PseudoPlanarToRGBA8888u8
                0x000000000002bc54                fcvColorYCbCr422PseudoPlanarToRGB565u8
                0x000000000002bd80                fcvColorYCbCr422PseudoPlanarToRGB888u8
                0x000000000002beb4                fcvColorYCbCr422PseudoPlanarToRGBA8888u8
                0x000000000002bfe0                fcvColorYCbCr420PseudoPlanarToRGB565u8
                0x000000000002c10c                fcvColorYCbCr420PseudoPlanarToRGB888u8
                0x000000000002c23c                fcvColorYCbCr420PseudoPlanarToRGBA8888u8
                0x000000000002c368                fcvEdgeWeightings16
                0x000000000002c448                fcvDeinterleaveu8
                0x000000000002c574                fcvInterleaveu8
                0x000000000002c6b4                fcvDWTHarrTransposeu8
                0x000000000002c7d0                fcvDWTHaarTransposeu8
                0x000000000002c900                fcvDWT53TabTransposes16
                0x000000000002ca3c                fcvIDWT53TabTransposes16
                0x000000000002cb78                fcvIDWTHarrTransposes16
                0x000000000002cc94                fcvIDWTHaarTransposes16
                0x000000000002cdc4                fcvDWTHaaru8
                0x000000000002cef8                fcvDWT53Tabs16
                0x000000000002d02c                fcvIDWT53Tabs16
                0x000000000002d170                fcvIDWTHaars16
                0x000000000002d2ac                fcvImageSegmentationRegionGrow
                0x000000000002d40c                fcvDCTu8
                0x000000000002d544                fcvIDCTs16
                0x000000000002d678                fcvScaleUpPolyu8
                0x000000000002d7dc                fcvScaleUpPolyInterleaveu8
                0x000000000002d92c                fcvScaleDownMNu8
                0x000000000002dab8                fcvScaleDownMNInterleaveu8
                0x000000000002dc20                fcvKMeansTreeSearch36x10s8
                0x000000000002dcf8                fcvLinearSearch8x36s8
                0x000000000002de8c                fcvLinearSearchPrepare8x36s8
                0x000000000002df68                fcvFindContoursExternalu8
                0x000000000002e09c                fcvFindContoursListu8
                0x000000000002e1c8                fcvFindContoursCcompu8
                0x000000000002e310                fcvFindContoursTreeu8
                0x000000000002e458                fcvFindContoursAllocate
                0x000000000002e4c8                fcvFindContoursDelete
                0x000000000002e570                fcvSolvef32
                0x000000000002e64c                fcvGetPerspectiveTransformf32
                0x000000000002e728                fcvSetElementsu8
                0x000000000002e830                fcvSetElementss32
                0x000000000002e928                fcvSetElementsf32
                0x000000000002ea34                fcvSetElementsc4u8
                0x000000000002eb5c                fcvSetElementsc4s32
                0x000000000002ec54                fcvSetElementsc4f32
                0x000000000002ed78                fcvSetElementsc3u8
                0x000000000002ee98                fcvSetElementsc3s32
                0x000000000002ef94                fcvSetElementsc3f32
                0x000000000002f0b4                fcvAdaptiveThresholdGaussian3x3u8
                0x000000000002f208                fcvAdaptiveThresholdGaussian5x5u8
                0x000000000002f358                fcvAdaptiveThresholdGaussian11x11u8
                0x000000000002f4a0                fcvAdaptiveThresholdMean3x3u8
                0x000000000002f600                fcvAdaptiveThresholdMean5x5u8
                0x000000000002f760                fcvAdaptiveThresholdMean11x11u8
                0x000000000002f8c0                fcvBoxFilter3x3u8
                0x000000000002f9ec                fcvBoxFilter5x5u8
                0x000000000002fb18                fcvBoxFilter11x11u8
                0x000000000002fc44                fcvBoxFilterNxNf32
                0x000000000002fd98                fcvBilateralFilter5x5u8
                0x000000000002feb8                fcvBilateralFilter7x7u8
                0x000000000002ffd8                fcvBilateralFilter9x9u8
                0x00000000000300f8                fcvSegmentFGMasku8
                0x00000000000301d4                fcvAbsDiffu8
                0x0000000000030318                fcvAbsDiffs32
                0x0000000000030450                fcvAbsDifff32
                0x0000000000030580                fcvAbsDiffVu8
                0x00000000000306a4                fcvAbsDiffVs32
                0x00000000000307cc                fcvAbsDiffVf32
                0x0000000000030914                fcvAbsDiffVc4u8
                0x0000000000030a5c                fcvAbsDiffVc4s32
                0x0000000000030ba8                fcvAbsDiffVc4f32
                0x0000000000030d08                fcvAbsDiffVc3u8
                0x0000000000030e44                fcvAbsDiffVc3s32
                0x0000000000030f8c                fcvAbsDiffVc3f32
                0x00000000000310e0                fcvKDTreeCreate36s8f32
                0x0000000000031178                fcvKDTreeDestroy36s8f32
                0x00000000000311f4                fcvKDTreeQuery36s8f32
                0x0000000000031370                fcvBitwiseOru8
                0x0000000000031490                fcvBitwiseOrs32
                0x00000000000315b0                fcvColorRGB888ToGrayu8
                0x00000000000316d4                fcvTiltedIntegralu8s32
                0x00000000000317f0                fcvConvValids16
                0x0000000000031974                fcvIntegrateImageYCbCr420PseudoPlanaru8
                0x0000000000031bb8                fcvFindForegroundIntegrateImageYCbCr420u32
                0x0000000000031e50                fcvFloodfillSimpleu8
                0x0000000000031ff0                fcvUpdateMotionHistoryu8s32
                0x0000000000032164                fcvAverages32
                0x0000000000032274                fcvAverageu8
                0x0000000000032390                fcvMeanShiftu8
                0x000000000003248c                fcvMeanShifts32
                0x0000000000032588                fcvMeanShiftf32
                0x0000000000032684                fcvConAdaTracku8
                0x0000000000032788                fcvConAdaTracks32
                0x0000000000032894                fcvConAdaTrackf32
                0x00000000000329a0                fcvSVDf32
                0x0000000000032aec                fcvFillConvexPolyu8
                0x0000000000032c24                fcvPointPolygonTest
                0x0000000000032cfc                fcvFindConvexHull
                0x0000000000032df8                fcvSolveCholeskyf32
                0x0000000000032ed0                fcvGeomUndistortPoint2x1f32
                0x0000000000032fd0                fcvGeomUndistortPoint2xNf32
                0x0000000000033104                fcvGeomDistortPoint2x1f32
                0x00000000000331fc                fcvGeomDistortPoint2xNf32
                0x0000000000033330                fcvGeomProjectPoint3x1f32
                0x000000000003342c                fcvGeomProjectPoint3xNf32
                0x0000000000033594                fcvRemapRGBA8888NNu8
                0x0000000000033744                fcvRemapRGBA8888BLu8
                0x0000000000033918                fcvJacobianSE2f32
                0x0000000000033ad4                fcvTransformAffineClippedu8
                0x0000000000033c0c                fcvCreateBGCodeBookModel
                0x0000000000033ca4                fcvReleaseBGCodeBookModel
                0x0000000000033d4c                fcvConfigBGCodeBookModel
                0x0000000000033e00                fcvBGCodeBookUpdateu8
                0x0000000000033f38                fcvBGCodeBookDiffu8
                0x0000000000034078                fcvBGCodeBookClearStaleu8
                0x000000000003417c                fcvHoughCircleu8
                0x00000000000342b8                fcvDrawContouru8
                0x0000000000034414                fcvDrawContourInterleavedu8
                0x0000000000034588                fcvDrawContourPlanaru8
                0x0000000000034708                fcvImageMomentsu8
                0x0000000000034824                fcvImageMomentss32
                0x000000000003493c                fcvImageMomentsf32
                0x0000000000034a54                fcvSolveLDLf32
                0x0000000000034b28                fcvDotProductf32
                0x0000000000034bf4                fcv3ChannelTransformAffineClippedBCu8
                0x0000000000034d90                fcvFilterThresholdOtsuu8
                0x0000000000034f54                fcvImageDetectEdgePixelsu8
                0x0000000000035080                fcvTransposeu8
                0x00000000000351c8                fcvTransposeu16
                0x0000000000035320                fcvTransposef32
                0x0000000000035478                fcvFlipu8
                0x00000000000355cc                fcvFlipu16
                0x000000000003572c                fcvElementMultiplyu8u16
                0x00000000000358bc                fcvElementMultiplyf32
                0x0000000000035a4c                fcvMatrixMultiplys8s32
                0x0000000000035bc0                fcvMatrixMultiplyf32
                0x0000000000035d40                fcvBlockDotProductu8
                0x0000000000035e14                fcvBlockDotProductf32
                0x0000000000035eec                fcvAddu8u16
                0x0000000000036078                fcvAdds16
                0x0000000000036208                fcvAddf32
                0x0000000000036398                fcvSumOfSquaredDiffsu8
                0x00000000000364a0                fcvSumOfSquaredDiffsf32
                0x00000000000365a8                fcvClusterEuclideanu8
                0x00000000000366b8                fcvImageHistogramEqualizeu8
                0x00000000000367fc                fcvImageSpatialHistogramu8
                0x0000000000036914                fcvScaleDownBLu8
                0x0000000000036a70                fcvSumOfSquaredDiffss8
                0x0000000000036b78                fcvHoughLineu8
                0x0000000000036ca0                fcvColorCbCrSwapu8
                0x0000000000036dec                fcvFloodfillMergedu8
                0x0000000000036ef8                fcvFilterCorrNxNu8f32
                0x0000000000037000                fcvFilterCorrNxNu8s16
                0x0000000000037118                fcvFilterCorrNxNu8
                0x000000000003722c                fcvFilterCorrSepMxNu8
                0x000000000003735c                fcvFilterErodeNxNu8
                0x0000000000037440                fcvFilterDilateNxNu8
                0x0000000000037524                fcvAddScalarf32
                0x0000000000037620                fcvAddScalars16
                0x000000000003770c                fcvMultiplyScalarf32
                0x0000000000037808                fcvMultiplyScalars16
                0x00000000000378fc                fcvMinMaxLocu8
                0x0000000000037a14                fcvMinMaxLocu16
                0x0000000000037b24                fcvMinMaxLocs16
                0x0000000000037c34                fcvMinMaxLocu32
                0x0000000000037d44                fcvMinMaxLocs32
                0x0000000000037e54                fcvMinMaxLocf32
                0x0000000000037f64                fcvTransposeRGB888u8
                0x0000000000038048                fcvCrossProduct3x1f32
                0x00000000000380ac                fcvSolveLUf32
                0x0000000000038180                fcvFilterThresholdRangeu8
                0x00000000000382d0                fcvRemapu8
                0x0000000000038404                fcvFilterSobel3x3u8s16
                0x0000000000038504                fcvFilterSobel5x5u8s16
                0x0000000000038604                fcvFilterSobel7x7u8s16
                0x0000000000038704                fcvFlipRGB888u8
                0x00000000000387f4                fcvRotateImageu8
                0x00000000000389a0                fcvRotateImageInterleavedu8
                0x0000000000038b5c                fcvFilterCannyu8
                0x0000000000038cb4                fcvGLBPu8
                0x0000000000038dc0                fcvIntegratePatchu8_v3
                0x0000000000038ef0                fcvBitwiseAndu8
                0x0000000000039000                fcvBitwiseXoru8
                0x0000000000039110                fcvBitwiseNotu8
                0x0000000000039204                fcvAddu8
                0x000000000003930c                fcvAdds16_v2
                0x000000000003941c                fcvAddu16u8u16
                0x000000000003952c                fcvSubtractu8
                0x0000000000039634                fcvSubtracts16
                0x0000000000039744                fcvSubtractu8s16
                0x0000000000039844                fcvElementMultiplys16
                0x000000000003995c                fcvElementMultiplyu8s16
                0x0000000000039a74                fcvElementMultiplyu8
                0x0000000000039b84                fcvAddWeightedu8
                0x0000000000039ca4                fcvAddSquaredu8u16
                0x0000000000039dac                fcvTableLookupu8
                0x0000000000039e98                fcvConvertDepthu8s16
                0x0000000000039f84                fcvConvertDepths16u8
                0x000000000003a07c                fcvWarpPerspectiveu8_v3
                0x000000000003a19c                fcvTransformAffineClippedu8_v2
                0x000000000003a2f0                fcvSVMPredict2Classf32
                0x000000000003a568                fcvBilateralFilter5x5u8_v2
                0x000000000003a690                fcvBilateralFilter7x7u8_v2
                0x000000000003a7b8                fcvBilateralFilter9x9u8_v2
                0x000000000003a8e0                fcvBilateralFilterRecursiveu8
                0x000000000003aa00                fcvMagnitudes16
                0x000000000003ab04                fcvPhases16
                0x000000000003ac04                fcvImageSegmentationSeedRegionGrows16
                0x000000000003ad34                fcvChannelCombine2Planesu8
                0x000000000003ae34                fcvChannelCombine3Planesu8
                0x000000000003af6c                fcvChannelCombine4Planesu8
                0x000000000003b0d0                fcvChannelExtractu8
                0x000000000003b1dc                fcvFFTu8
                0x000000000003b2dc                fcvIFFTf32
                0x000000000003b3dc                fcvNCCPatchesOnRectu8
                0x000000000003b560                fcvNormalizeLocalBoxu8
                0x000000000003b674                fcvNormalizeLocalBoxf32
                0x000000000003b78c                fcvColorRGB888ToHSV888u8
                0x000000000003b878                fcvScaleu8
                0x000000000003b980                fcvCornerRefineSubPixu8
                0x000000000003bad4                fcvGoodFeatureToTracku8
                0x000000000003bbfc                fcvInvertAffineTransformf32
                0x000000000003bc98                fcvGeomHomographyRobustFitf32
                0x000000000003bd58                fcvFilterMedianMxNs16
                0x000000000003be58                fcvFilterConvolveMxNu8s16
                0x000000000003bf8c                fcvFilterConvolveMxNu8
                0x000000000003c0b8                fcvICPJacobianErrorSE3f32
                0x000000000003c1f8                fcv2PlaneWarpPerspectiveu8
                0x000000000003c358                fcvFindMultipleMaximau8
                0x000000000003c48c                fcvImageDetectLineSegmentsu8
                0x000000000003c5b4                fcvBoxFilter3x3u8_v2
                0x000000000003c6a8                fcvFilterErode3x3u8_v3
                0x000000000003c7e8                fcvFilterDilate3x3u8_v3
                0x000000000003c928                fcvFilterGaussian3x3u8_v3
                0x000000000003ca1c                fcvFilterMedian3x3u8_v3
                0x000000000003cb10                fcvImageSpatialHistogramu8_v2
                0x000000000003cc10                fcvFilterThresholdu8_v3
                0x000000000003cd6c                fcvFilterThresholdRangeu8_v2
                0x000000000003ced0                fcvScaleDownBy2Gaussian3x3u8
                0x000000000003cfb4                fcvGeomHomographyFitf32_v2
                0x000000000003d088                fcvGeomHomographyRobustFitf32_v2
                0x000000000003d158                fcvPyramidAllocate_v3
                0x000000000003d254                fcvPyramidCreateu8_v3
                0x000000000003d330                fcvCornerHarrisScoreu8
                0x000000000003d4f4                fcvDepthFusion8x8x8xNs16
                0x000000000003d60c                fcvTrackLKOpticalFlowu8_v3
                0x000000000003d79c                fcvRemapu8_v2
                0x000000000003d8ec                fcvTransformAffineClippedu8_v3
                0x000000000003da28                fcvWarpPerspectiveu8_v4
                0x000000000003db5c                fcvScaleu8_v2
                0x000000000003dc7c                fcvUndistortDisparityConvertDepthf32
                0x000000000003dde8                fcvRegisterDepthImagef32
                0x000000000003df00                fcvConvertDepthImageToPointCloudf32
                0x000000000003dfe8                fcvMinMaxLocf32_v2
                0x000000000003e138                fcvMinMaxLocu8_v2
                0x000000000003e288                fcvMinMaxLocu16_v2
                0x000000000003e3d8                fcvMinMaxLocs16_v2
                0x000000000003e528                fcvMinMaxLocu32_v2
                0x000000000003e678                fcvMinMaxLocs32_v2
 .text          0x000000000003e7c8      0x178 lib/libfastcv.a(libfastcv_la-fastcvMemAndroid.o)
                0x000000000003e7c8                fcvMemAlign
                0x000000000003e834                fcvMemAlignFree
                0x000000000003e854                fcvMemAlloc
                0x000000000003e8f0                fcvMemFree
 .text          0x000000000003e940      0xfcc lib/libfastcv.a(libfastcv_la-fastcvMem.o)
                0x000000000003ebbc                fcvMemInit
                0x000000000003efdc                fcvMemInitPreAlloc
                0x000000000003f0a4                fcvMemDeInit
 .text          0x000000000003f90c     0x9368 lib/libfastcv.a(libfastcv_la-fastcv.o)
                0x000000000003f90c                uRNull()
                0x0000000000040c0c                fcvSetOperationMode_internal
                0x0000000000048bd8                fcvSetOperationMode
                0x0000000000048c20                fcvCleanUp
                0x0000000000048c50                fcvGetVersion
 .text          0x0000000000048c74        0x8 lib/libfastcv.a(libfastcv_la-fastcvHeapStats.o)
                0x0000000000048c74                fcvHeapStatsInit()
                0x0000000000048c76                fcvHeapStatsMalloc(void*, unsigned int)
                0x0000000000048c78                fcvHeapStatsFree(void*)
                0x0000000000048c7a                fcvHeapStats()
 .text          0x0000000000048c7c      0xdc4 lib/libfastcv.a(libfastcv_la-fastcvHelper.o)
                0x0000000000048c7c                uCHelper()
                0x000000000004936c                uVHelper()
 .text          0x0000000000049a40      0x16c lib/libfastcv.a(libfastcv_la-fastcvHW.o)
                0x0000000000049a40                fcvInitSharedMem
                0x0000000000049a44                fcvDeInitSharedMem
                0x0000000000049a7c                fcvSetHWFlag(unsigned int)
                0x0000000000049a88                fcvTableHWInitRemote(FCV_FUNC_MANAGER*, fcvOperationMode)
                0x0000000000049ba0                probeQ6TimeC
                0x0000000000049ba6                fcvRegisterBufC
 .text          0x0000000000049bac     0x248a lib/libfastcv.a(libfastcv_la-fastcvAbsDiffC.o)
                0x0000000000049bac                fcvAbsDiffu8C
                0x0000000000049e96                fcvAbsDiffs32C
                0x000000000004a178                fcvAbsDifff32C
                0x000000000004a4b2                fcvAbsDiffVu8C
                0x000000000004a704                fcvAbsDiffVs32C
                0x000000000004a992                fcvAbsDiffVf32C
                0x000000000004ac4e                fcvAbsDiffVc4u8C
                0x000000000004b0dc                fcvAbsDiffVc4s32C
                0x000000000004b3f8                fcvAbsDiffVc4f32C
                0x000000000004b6ac                fcvAbsDiffVc3u8C
                0x000000000004ba3e                fcvAbsDiffVc3s32C
                0x000000000004bd64                fcvAbsDiffVc3f32C
 *fill*         0x000000000004c036        0x2 
 .text          0x000000000004c038     0x18d0 lib/libfastcv.a(libfastcv_la-fastcvAdaptiveThresholdC.o)
                0x000000000004c038                adaptiveThresholdC